Archive member included because of file (symbol)

c:/nxp/lpcxpresso_7.3.0_186/lpcxpresso/tools/bin/../lib/gcc/arm-none-eabi/4.8.4/armv7-m\libgcc.a(_arm_addsubdf3.o)
                              ./src/drivers/devices/bmp085.o (__aeabi_dsub)
c:/nxp/lpcxpresso_7.3.0_186/lpcxpresso/tools/bin/../lib/gcc/arm-none-eabi/4.8.4/armv7-m\libgcc.a(_arm_muldivdf3.o)
                              ./src/drivers/devices/bmp085.o (__aeabi_dmul)
c:/nxp/lpcxpresso_7.3.0_186/lpcxpresso/tools/bin/../lib/gcc/arm-none-eabi/4.8.4/armv7-m\libgcc.a(_arm_cmpdf2.o)
                              ./src/api/src/qPIDs.o (__aeabi_dcmplt)
c:/nxp/lpcxpresso_7.3.0_186/lpcxpresso/tools/bin/../lib/gcc/arm-none-eabi/4.8.4/armv7-m\libgcc.a(_arm_fixunsdfsi.o)
                              ./src/rtos/Trace Recorder Library/trcUser.o (__aeabi_d2uiz)
c:/nxp/lpcxpresso_7.3.0_186/lpcxpresso/tools/bin/../lib/gcc/arm-none-eabi/4.8.4/armv7-m\libgcc.a(_arm_truncdfsf2.o)
                              ./src/drivers/devices/bmp085.o (__aeabi_d2f)
c:/nxp/lpcxpresso_7.3.0_186/lpcxpresso/tools/bin/../lib/gcc/arm-none-eabi/4.8.4/armv7-m\libgcc.a(_arm_addsubsf3.o)
                              ./src/drivers/devices/eMPL/inv_mpu.o (__aeabi_fsub)
c:/nxp/lpcxpresso_7.3.0_186/lpcxpresso/tools/bin/../lib/gcc/arm-none-eabi/4.8.4/armv7-m\libgcc.a(_arm_muldivsf3.o)
                              ./src/drivers/devices/eMPL/inv_mpu.o (__aeabi_fmul)
c:/nxp/lpcxpresso_7.3.0_186/lpcxpresso/tools/bin/../lib/gcc/arm-none-eabi/4.8.4/armv7-m\libgcc.a(_arm_cmpsf2.o)
                              ./src/drivers/devices/eMPL/inv_mpu.o (__aeabi_fcmpeq)
c:/nxp/lpcxpresso_7.3.0_186/lpcxpresso/tools/bin/../lib/gcc/arm-none-eabi/4.8.4/armv7-m\libgcc.a(_arm_fixsfsi.o)
                              ./src/drivers/devices/eMPL/inv_mpu.o (__aeabi_f2iz)
c:/nxp/lpcxpresso_7.3.0_186/lpcxpresso/tools/bin/../lib/gcc/arm-none-eabi/4.8.4/armv7-m\libgcc.a(_arm_fixunssfsi.o)
                              ./src/drivers/devices/eMPL/inv_mpu_dmp_motion_driver.o (__aeabi_f2uiz)
c:/nxp/lpcxpresso_7.3.0_186/lpcxpresso/tools/bin/../lib/gcc/arm-none-eabi/4.8.4/armv7-m\libgcc.a(_aeabi_ldivmod.o)
                              ./src/drivers/devices/eMPL/inv_mpu.o (__aeabi_ldivmod)
c:/nxp/lpcxpresso_7.3.0_186/lpcxpresso/tools/bin/../lib/gcc/arm-none-eabi/4.8.4/armv7-m\libgcc.a(_aeabi_uldivmod.o)
                              ./src/CMSIS/Drivers/source/lpc17xx_pwm.o (__aeabi_uldivmod)
c:/nxp/lpcxpresso_7.3.0_186/lpcxpresso/tools/bin/../lib/gcc/arm-none-eabi/4.8.4/armv7-m\libgcc.a(bpabi.o)
                              c:/nxp/lpcxpresso_7.3.0_186/lpcxpresso/tools/bin/../lib/gcc/arm-none-eabi/4.8.4/armv7-m\libgcc.a(_aeabi_ldivmod.o) (__gnu_ldivmod_helper)
c:/nxp/lpcxpresso_7.3.0_186/lpcxpresso/tools/bin/../lib/gcc/arm-none-eabi/4.8.4/armv7-m\libgcc.a(_dvmd_tls.o)
                              c:/nxp/lpcxpresso_7.3.0_186/lpcxpresso/tools/bin/../lib/gcc/arm-none-eabi/4.8.4/armv7-m\libgcc.a(_aeabi_ldivmod.o) (__aeabi_ldiv0)
c:/nxp/lpcxpresso_7.3.0_186/lpcxpresso/tools/bin/../lib/gcc/arm-none-eabi/4.8.4/armv7-m\libgcc.a(_divdi3.o)
                              c:/nxp/lpcxpresso_7.3.0_186/lpcxpresso/tools/bin/../lib/gcc/arm-none-eabi/4.8.4/armv7-m\libgcc.a(bpabi.o) (__divdi3)
c:/nxp/lpcxpresso_7.3.0_186/lpcxpresso/tools/bin/../lib/gcc/arm-none-eabi/4.8.4/armv7-m\libgcc.a(_udivdi3.o)
                              c:/nxp/lpcxpresso_7.3.0_186/lpcxpresso/tools/bin/../lib/gcc/arm-none-eabi/4.8.4/armv7-m\libgcc.a(bpabi.o) (__udivdi3)
c:/nxp/lpcxpresso_7.3.0_186/lpcxpresso/tools/bin/../lib/gcc/arm-none-eabi/4.8.4/../../../../arm-none-eabi/lib/armv7-m\libc.a(lib_a-abs.o)
                              ./src/drivers/devices/eMPL/inv_mpu.o (abs)
c:/nxp/lpcxpresso_7.3.0_186/lpcxpresso/tools/bin/../lib/gcc/arm-none-eabi/4.8.4/../../../../arm-none-eabi/lib/armv7-m\libc.a(lib_a-memcmp.o)
                              ./src/rtos/tasks.o (memcmp)
c:/nxp/lpcxpresso_7.3.0_186/lpcxpresso/tools/bin/../lib/gcc/arm-none-eabi/4.8.4/../../../../arm-none-eabi/lib/armv7-m\libc.a(lib_a-memcpy.o)
                              ./src/rtos/Trace Recorder Library/trcUser.o (memcpy)
c:/nxp/lpcxpresso_7.3.0_186/lpcxpresso/tools/bin/../lib/gcc/arm-none-eabi/4.8.4/../../../../arm-none-eabi/lib/armv7-m\libc.a(lib_a-memset.o)
                              ./src/rtos/Trace Recorder Library/trcBase.o (memset)
c:/nxp/lpcxpresso_7.3.0_186/lpcxpresso/tools/bin/../lib/gcc/arm-none-eabi/4.8.4/../../../../arm-none-eabi/lib/armv7-m\libc.a(lib_a-sprintf.o)
                              ./src/rtos/Trace Recorder Library/trcUser.o (sprintf)
c:/nxp/lpcxpresso_7.3.0_186/lpcxpresso/tools/bin/../lib/gcc/arm-none-eabi/4.8.4/../../../../arm-none-eabi/lib/armv7-m\libc.a(lib_a-strcat.o)
                              ./src/rtos/tasks.o (strcat)
c:/nxp/lpcxpresso_7.3.0_186/lpcxpresso/tools/bin/../lib/gcc/arm-none-eabi/4.8.4/../../../../arm-none-eabi/lib/armv7-m\libc.a(lib_a-strcpy.o)
[...]
Memory Configuration

Name             Origin             Length             Attributes
MFlash512        0x00000000         0x00080000         xr
RamLoc32         0x10000000         0x00008000         xrw
RamAHB32         0x2007c000         0x00008000         xrw
*default*        0x00000000         0xffffffff

Linker script and memory map

LOAD ./src/system/_main.o
LOAD ./src/system/cr_startup_lpc176x.o
LOAD ./src/system/crp.o
LOAD ./src/rtos/portable/port.o
LOAD ./src/rtos/Trace Recorder Library/trcBase.o
LOAD ./src/rtos/Trace Recorder Library/trcKernel.o
LOAD ./src/rtos/Trace Recorder Library/trcPort.o
LOAD ./src/rtos/Trace Recorder Library/trcUser.o
LOAD ./src/rtos/croutine.o
LOAD ./src/rtos/heap_4.o
LOAD ./src/rtos/list.o
LOAD ./src/rtos/queue.o
LOAD ./src/rtos/tasks.o
LOAD ./src/rtos/timers.o
LOAD ./src/drivers/peripherals/qAnalog.o
LOAD ./src/drivers/peripherals/qESC.o
LOAD ./src/drivers/peripherals/qI2C.o
LOAD ./src/drivers/peripherals/qPWM.o
LOAD ./src/drivers/peripherals/qUART.o
LOAD ./src/drivers/peripherals/qWDT.o
LOAD ./src/drivers/devices/eMPL/inv_mpu.o
LOAD ./src/drivers/devices/eMPL/inv_mpu_dmp_motion_driver.o
LOAD ./src/drivers/devices/HMC5883L.o
LOAD ./src/drivers/devices/_bmp085.o
LOAD ./src/drivers/devices/bmp085.o
LOAD ./src/drivers/devices/eeprom.o
LOAD ./src/drivers/devices/leds.o
LOAD ./src/app2/autopilot.o
LOAD ./src/app2/beacon.o
LOAD ./src/app2/comms.o
LOAD ./src/app2/hardwareInit.o
LOAD ./src/app2/system.o
LOAD ./src/app2/telemetry.o
LOAD ./src/api/src/DebugConsole.o
LOAD ./src/api/src/nvram.o
LOAD ./src/api/src/qCOMMS.o
LOAD ./src/api/src/qPIDs.o
LOAD ./src/api/src/quadrotor.o
LOAD ./src/api/src/timing.o
LOAD ./src/CMSIS/Drivers/source/debug_frmwrk.o
LOAD ./src/CMSIS/Drivers/source/lpc17xx_adc.o
LOAD ./src/CMSIS/Drivers/source/lpc17xx_can.o
LOAD ./src/CMSIS/Drivers/source/lpc17xx_clkpwr.o
LOAD ./src/CMSIS/Drivers/source/lpc17xx_dac.o
LOAD ./src/CMSIS/Drivers/source/lpc17xx_emac.o
LOAD ./src/CMSIS/Drivers/source/lpc17xx_exti.o
LOAD ./src/CMSIS/Drivers/source/lpc17xx_gpdma.o
LOAD ./src/CMSIS/Drivers/source/lpc17xx_gpio.o
LOAD ./src/CMSIS/Drivers/source/lpc17xx_i2c.o
LOAD ./src/CMSIS/Drivers/source/lpc17xx_i2s.o
LOAD ./src/CMSIS/Drivers/source/lpc17xx_libcfg_default.o
LOAD ./src/CMSIS/Drivers/source/lpc17xx_mcpwm.o
LOAD ./src/CMSIS/Drivers/source/lpc17xx_nvic.o
LOAD ./src/CMSIS/Drivers/source/lpc17xx_pinsel.o
LOAD ./src/CMSIS/Drivers/source/lpc17xx_pwm.o
LOAD ./src/CMSIS/Drivers/source/lpc17xx_qei.o
LOAD ./src/CMSIS/Drivers/source/lpc17xx_rit.o
LOAD ./src/CMSIS/Drivers/source/lpc17xx_rtc.o
LOAD ./src/CMSIS/Drivers/source/lpc17xx_spi.o
LOAD ./src/CMSIS/Drivers/source/lpc17xx_ssp.o
LOAD ./src/CMSIS/Drivers/source/lpc17xx_systick.o
LOAD ./src/CMSIS/Drivers/source/lpc17xx_timer.o
LOAD ./src/CMSIS/Drivers/source/lpc17xx_uart.o
LOAD ./src/CMSIS/Drivers/source/lpc17xx_wdt.o
LOAD ./src/CMSIS/Core/CM3/DeviceSupport/NXP/LPC17xx/system_LPC17xx.o
LOAD ./src/CMSIS/Core/CM3/CoreSupport/core_cm3.o
LOAD ./src/board.o
LOAD ./src/hardfault.o
START GROUP
LOAD c:/nxp/lpcxpresso_7.3.0_186/lpcxpresso/tools/bin/../lib/gcc/arm-none-eabi/4.8.4/armv7-m\libgcc.a
LOAD c:/nxp/lpcxpresso_7.3.0_186/lpcxpresso/tools/bin/../lib/gcc/arm-none-eabi/4.8.4/../../../../arm-none-eabi/lib/armv7-m\libc.a
LOAD c:/nxp/lpcxpresso_7.3.0_186/lpcxpresso/tools/bin/../lib/gcc/arm-none-eabi/4.8.4/../../../../arm-none-eabi/lib/armv7-m\libm.a
LOAD c:/nxp/lpcxpresso_7.3.0_186/lpcxpresso/tools/bin/../lib/gcc/arm-none-eabi/4.8.4/../../../../arm-none-eabi/lib/armv7-m\libcr_newlib_nohost.a
END GROUP
                0x00080000                __top_MFlash512 = 0x80000
                0x10008000                __top_RamLoc32 = 0x10008000
                0x20084000                __top_RamAHB32 = 0x20084000

.text           0x00000000     0xacd0
 FILL mask 0xff
                0x00000000                __vectors_start__ = ABSOLUTE (.)
 *(.isr_vector)
 .isr_vector    0x00000000       0xcc ./src/system/cr_startup_lpc176x.o
                0x00000000                g_pfnVectors
                0x000000cc                . = ALIGN (0x4)
                0x000000cc                __section_table_start = .
                0x000000cc                __data_section_table = .
                0x000000cc        0x4 LONG 0xacd8 LOADADDR (.data)
                0x000000d0        0x4 LONG 0x10000000 ADDR (.data)
                0x000000d4        0x4 LONG 0x3f58 SIZEOF (.data)
                0x000000d8        0x4 LONG 0xacd8 LOADADDR (.data_RAM2)
                0x000000dc        0x4 LONG 0x2007c000 ADDR (.data_RAM2)
                0x000000e0        0x4 LONG 0x0 SIZEOF (.data_RAM2)
                0x000000e4                __data_section_table_end = .
                0x000000e4                __bss_section_table = .
                0x000000e4        0x4 LONG 0x10003f58 ADDR (.bss)
                0x000000e8        0x4 LONG 0x3a1c SIZEOF (.bss)
                0x000000ec        0x4 LONG 0x2007c000 ADDR (.bss_RAM2)
                0x000000f0        0x4 LONG 0x0 SIZEOF (.bss_RAM2)
                0x000000f4                __bss_section_table_end = .
                0x000000f4                __section_table_end = .
 *(.after_vectors*)
 .after_vectors
                0x000000f4       0x78 ./src/system/cr_startup_lpc176x.o
                0x000000f4                NMI_Handler
                0x000000f6                MemManage_Handler
                0x000000f8                BusFault_Handler
                0x000000fa                UsageFault_Handler
                0x000000fc                DebugMon_Handler
                0x000000fe                RIT_IRQHandler
                0x000000fe                USBActivity_IRQHandler
                0x000000fe                PWM1_IRQHandler
                0x000000fe                DMA_IRQHandler
                0x000000fe                MCPWM_IRQHandler
                0x000000fe                I2C0_IRQHandler
                0x000000fe                I2C1_IRQHandler
                0x000000fe                EINT2_IRQHandler
                0x000000fe                UART1_IRQHandler
                0x000000fe                CANActivity_IRQHandler
                0x000000fe                TIMER3_IRQHandler
                0x000000fe                EINT0_IRQHandler
                0x000000fe                TIMER2_IRQHandler
                0x000000fe                IntDefaultHandler
                0x000000fe                PLL0_IRQHandler
                0x000000fe                CAN_IRQHandler
                0x000000fe                ENET_IRQHandler
                0x000000fe                SSP0_IRQHandler
                0x000000fe                I2S_IRQHandler
                0x000000fe                I2C2_IRQHandler
                0x000000fe                RTC_IRQHandler
                0x000000fe                SPI_IRQHandler
                0x000000fe                QEI_IRQHandler
                0x000000fe                EINT1_IRQHandler
                0x000000fe                TIMER1_IRQHandler
                0x000000fe                ADC_IRQHandler
                0x000000fe                SSP1_IRQHandler
                0x000000fe                USB_IRQHandler
                0x000000fe                BOD_IRQHandler
                0x000000fe                PLL1_IRQHandler
                0x000000fe                WDT_IRQHandler
                0x00000100                data_init
                0x00000112                bss_init
                0x00000122                ResetISR
                0x00000164                HardFault_Handler
                0x00000166                SVCall_Handler
                0x00000168                PendSV_Handler
                0x0000016a                SysTick_Handler
 *(.text*)
 .text.main     0x0000016c        0xc ./src/system/_main.o
                0x0000016c                main
 .text.prvSetupTimerInterrupt
                0x00000178       0x18 ./src/rtos/portable/port.o
 .text.pxPortInitialiseStack
                0x00000190       0x1c ./src/rtos/portable/port.o
                0x00000190                pxPortInitialiseStack
 .text.vPortSVCHandler
                0x000001ac       0x20 ./src/rtos/portable/port.o
                0x000001ac                vPortSVCHandler
 .text.vPortStartFirstTask
                0x000001cc       0x14 ./src/rtos/portable/port.o
                0x000001cc                vPortStartFirstTask
 .text.xPortStartScheduler
                0x000001e0       0x30 ./src/rtos/portable/port.o
                0x000001e0                xPortStartScheduler
 .text.vPortYieldFromISR
                0x00000210       0x10 ./src/rtos/portable/port.o
                0x00000210                vPortYieldFromISR
 .text.vPortEnterCritical
                0x00000220       0x18 ./src/rtos/portable/port.o
                0x00000220                vPortEnterCritical
 .text.vPortExitCritical
                0x00000238       0x18 ./src/rtos/portable/port.o
                0x00000238                vPortExitCritical
 .text.xPortPendSVHandler
                0x00000250       0x3c ./src/rtos/portable/port.o
                0x00000250                xPortPendSVHandler
 .text.xPortSysTickHandler
                0x0000028c       0x24 ./src/rtos/portable/port.o
                0x0000028c                xPortSysTickHandler
 .text.vTraceError
                0x000002b0       0x38 ./src/rtos/Trace Recorder Library/trcBase.o
                0x000002b0                vTraceError
 .text.xTraceNextFreeEventBufferSlot
                0x000002e8       0x2c ./src/rtos/Trace Recorder Library/trcBase.o
                0x000002e8                xTraceNextFreeEventBufferSlot
 .text.uiIndexOfObject
                0x00000314       0x40 ./src/rtos/Trace Recorder Library/trcBase.o
                0x00000314                uiIndexOfObject
 .text.xTraceGetObjectHandle
                0x00000354      0x15c ./src/rtos/Trace Recorder Library/trcBase.o
                0x00000354                xTraceGetObjectHandle
 .text.vTraceSetObjectName
                0x000004b0       0xb0 ./src/rtos/Trace Recorder Library/trcBase.o
                0x000004b0                vTraceSetObjectName
 .text.prvCheckDataToBeOverwrittenForMultiEntryUserEvents
                0x00000560       0x58 ./src/rtos/Trace Recorder Library/trcBase.o
                0x00000560                prvCheckDataToBeOverwrittenForMultiEntryUserEvents
 .text.prvTraceUpdateCounters
                0x000005b8       0x30 ./src/rtos/Trace Recorder Library/trcBase.o
                0x000005b8                prvTraceUpdateCounters
 .text.prvTraceGetDTS
                0x000005e8       0xe8 ./src/rtos/Trace Recorder Library/trcBase.o
                0x000005e8                prvTraceGetDTS
 .text.prvTraceLookupSymbolTableEntry
                0x000006d0       0x7c ./src/rtos/Trace Recorder Library/trcBase.o
                0x000006d0                prvTraceLookupSymbolTableEntry
 .text.prvTraceCreateSymbolTableEntry
                0x0000074c       0x84 ./src/rtos/Trace Recorder Library/trcBase.o
                0x0000074c                prvTraceCreateSymbolTableEntry
 .text.prvTraceGetChecksum
                0x000007d0       0x38 ./src/rtos/Trace Recorder Library/trcBase.o
                0x000007d0                prvTraceGetChecksum
 .text.prvTraceOpenSymbol
                0x00000808       0x68 ./src/rtos/Trace Recorder Library/trcBase.o
                0x00000808                prvTraceOpenSymbol
 .text.prvTraceIsObjectExcluded
                0x00000870       0x74 ./src/rtos/Trace Recorder Library/trcKernel.o
 .text.prvTraceGetParam
                0x000008e4       0x30 ./src/rtos/Trace Recorder Library/trcKernel.o
 .text.vTraceStoreTaskReady
                0x00000914       0x4c ./src/rtos/Trace Recorder Library/trcKernel.o
                0x00000914                vTraceStoreTaskReady
 .text.vTraceStoreKernelCall
                0x00000960       0xf4 ./src/rtos/Trace Recorder Library/trcKernel.o
                0x00000960                vTraceStoreKernelCall
 .text.vTraceStoreKernelCallWithParam
                0x00000a54       0x98 ./src/rtos/Trace Recorder Library/trcKernel.o
                0x00000a54                vTraceStoreKernelCallWithParam
 .text.vTraceStoreKernelCallWithNumericParamOnly
                0x00000aec       0xa0 ./src/rtos/Trace Recorder Library/trcKernel.o
                0x00000aec                vTraceStoreKernelCallWithNumericParamOnly
 .text.vTraceSetPriorityProperty
                0x00000b8c       0x28 ./src/rtos/Trace Recorder Library/trcKernel.o
                0x00000b8c                vTraceSetPriorityProperty
 .text.uiTraceGetPriorityProperty
                0x00000bb4       0x24 ./src/rtos/Trace Recorder Library/trcKernel.o
                0x00000bb4                uiTraceGetPriorityProperty
 .text.vTraceSetObjectState
                0x00000bd8       0x28 ./src/rtos/Trace Recorder Library/trcKernel.o
                0x00000bd8                vTraceSetObjectState
 .text.vTraceSetTaskInstanceFinished
                0x00000c00       0x3c ./src/rtos/Trace Recorder Library/trcKernel.o
                0x00000c00                vTraceSetTaskInstanceFinished
 .text.uiTraceGetObjectState
                0x00000c3c       0x24 ./src/rtos/Trace Recorder Library/trcKernel.o
                0x00000c3c                uiTraceGetObjectState
 .text.vTraceStoreTaskswitch
                0x00000c60       0xf4 ./src/rtos/Trace Recorder Library/trcKernel.o
                0x00000c60                vTraceStoreTaskswitch
 .text.uiTracePortGetTimeStamp
                0x00000d54       0x68 ./src/rtos/Trace Recorder Library/trcPort.o
                0x00000d54                uiTracePortGetTimeStamp
 .text.writeInt8
                0x00000dbc       0x18 ./src/rtos/Trace Recorder Library/trcUser.o
 .text.writeInt16
                0x00000dd4       0x30 ./src/rtos/Trace Recorder Library/trcUser.o
 .text.writeInt32
                0x00000e04       0x30 ./src/rtos/Trace Recorder Library/trcUser.o
 .text.uiTraceStart
                0x00000e34       0x40 ./src/rtos/Trace Recorder Library/trcUser.o
                0x00000e34                uiTraceStart
 .text.vTraceStop
                0x00000e74       0x10 ./src/rtos/Trace Recorder Library/trcUser.o
                0x00000e74                vTraceStop
 .text.xTraceOpenLabel
                0x00000e84        0xc ./src/rtos/Trace Recorder Library/trcUser.o
                0x00000e84                xTraceOpenLabel
 .text.vTracePrintF
                0x00000e90      0x2e0 ./src/rtos/Trace Recorder Library/trcUser.o
                0x00000e90                vTracePrintF
 .text.prvHeapInit
                0x00001170       0x40 ./src/rtos/heap_4.o
 .text.prvInsertBlockIntoFreeList
                0x000011b0       0x58 ./src/rtos/heap_4.o
 .text.pvPortMalloc
                0x00001208       0x8c ./src/rtos/heap_4.o
                0x00001208                pvPortMalloc
 .text.vPortFree
                0x00001294       0x2c ./src/rtos/heap_4.o
                0x00001294                vPortFree
 .text.vListInitialise
                0x000012c0       0x18 ./src/rtos/list.o
                0x000012c0                vListInitialise
 .text.vListInitialiseItem
                0x000012d8        0x8 ./src/rtos/list.o
                0x000012d8                vListInitialiseItem
 .text.vListInsertEnd
                0x000012e0       0x1c ./src/rtos/list.o
                0x000012e0                vListInsertEnd
 .text.vListInsert
                0x000012fc       0x38 ./src/rtos/list.o
                0x000012fc                vListInsert
 .text.uxListRemove
                0x00001334       0x28 ./src/rtos/list.o
                0x00001334                uxListRemove
 .text.prvIsQueueFull
                0x0000135c       0x1c ./src/rtos/queue.o
 .text.prvIsQueueEmpty
                0x00001378       0x1c ./src/rtos/queue.o
 .text.prvCopyDataToQueue
                0x00001394       0x5c ./src/rtos/queue.o
 .text.prvCopyDataFromQueue
                0x000013f0       0x24 ./src/rtos/queue.o
 .text.prvUnlockQueue
                0x00001414       0x68 ./src/rtos/queue.o
 .text.xQueueGenericReset
                0x0000147c       0x5c ./src/rtos/queue.o
                0x0000147c                xQueueGenericReset
 .text.xQueueGenericCreate
                0x000014d8       0x9c ./src/rtos/queue.o
                0x000014d8                xQueueGenericCreate
 .text.xQueueGenericSend
                0x00001574      0x164 ./src/rtos/queue.o
                0x00001574                xQueueGenericSend
 .text.xQueueGenericSendFromISR
                0x000016d8       0xb0 ./src/rtos/queue.o
                0x000016d8                xQueueGenericSendFromISR
 .text.xQueueGenericReceive
                0x00001788      0x1dc ./src/rtos/queue.o
                0x00001788                xQueueGenericReceive
 .text.prvDeleteTCB
                0x00001964       0x14 ./src/rtos/tasks.o
 .text.prvAllocateTCBAndStack
                0x00001978       0x38 ./src/rtos/tasks.o
 .text.prvInitialiseTCBVariables
                0x000019b0       0x38 ./src/rtos/tasks.o
 .text.prvInitialiseTaskLists
                0x000019e8       0x68 ./src/rtos/tasks.o
 .text.prvAddCurrentTaskToDelayedList
                0x00001a50       0x54 ./src/rtos/tasks.o
 .text.xTaskGenericCreate
                0x00001aa4      0x154 ./src/rtos/tasks.o
                0x00001aa4                xTaskGenericCreate
 .text.xTaskIsTaskSuspended
                0x00001bf8       0x2c ./src/rtos/tasks.o
                0x00001bf8                xTaskIsTaskSuspended
 .text.vTaskResume
                0x00001c24       0x78 ./src/rtos/tasks.o
                0x00001c24                vTaskResume
 .text.vTaskStartScheduler
                0x00001c9c       0x4c ./src/rtos/tasks.o
                0x00001c9c                vTaskStartScheduler
 .text.vTaskSuspendAll
                0x00001ce8       0x10 ./src/rtos/tasks.o
                0x00001ce8                vTaskSuspendAll
 .text.xTaskGetTickCount
                0x00001cf8       0x18 ./src/rtos/tasks.o
                0x00001cf8                xTaskGetTickCount
 .text.vTaskIncrementTick
                0x00001d10      0x110 ./src/rtos/tasks.o
                0x00001d10                vTaskIncrementTick
 .text.xTaskResumeAll
                0x00001e20       0xe4 ./src/rtos/tasks.o
                0x00001e20                xTaskResumeAll
 .text.vTaskDelayUntil
                0x00001f04       0x88 ./src/rtos/tasks.o
                0x00001f04                vTaskDelayUntil
 .text.vTaskDelay
                0x00001f8c       0x54 ./src/rtos/tasks.o
                0x00001f8c                vTaskDelay
 .text.prvCheckTasksWaitingTermination
                0x00001fe0       0x50 ./src/rtos/tasks.o
 .text.prvIdleTask
                0x00002030        0x8 ./src/rtos/tasks.o
 .text.vTaskSwitchContext
                0x00002038       0xa8 ./src/rtos/tasks.o
                0x00002038                vTaskSwitchContext
 .text.vTaskSuspend
                0x000020e0       0x88 ./src/rtos/tasks.o
                0x000020e0                vTaskSuspend
 .text.vTaskPlaceOnEventList
                0x00002168       0x40 ./src/rtos/tasks.o
                0x00002168                vTaskPlaceOnEventList
 .text.xTaskRemoveFromEventList
                0x000021a8       0x78 ./src/rtos/tasks.o
                0x000021a8                xTaskRemoveFromEventList
 .text.vTaskSetTimeOutState
                0x00002220       0x18 ./src/rtos/tasks.o
                0x00002220                vTaskSetTimeOutState
 .text.xTaskCheckForTimeOut
                0x00002238       0x60 ./src/rtos/tasks.o
                0x00002238                xTaskCheckForTimeOut
 .text.vTaskMissedYield
                0x00002298        0xc ./src/rtos/tasks.o
                0x00002298                vTaskMissedYield
 .text.uxTaskGetTaskNumber
                0x000022a4        0xc ./src/rtos/tasks.o
                0x000022a4                uxTaskGetTaskNumber
 .text.xTaskGetCurrentTaskHandle
                0x000022b0        0xc ./src/rtos/tasks.o
                0x000022b0                xTaskGetCurrentTaskHandle
 .text.xTaskGetSchedulerState
                0x000022bc       0x20 ./src/rtos/tasks.o
                0x000022bc                xTaskGetSchedulerState
 .text.vTaskPriorityInherit
                0x000022dc       0xa8 ./src/rtos/tasks.o
                0x000022dc                vTaskPriorityInherit
 .text.vTaskPriorityDisinherit
                0x00002384       0x78 ./src/rtos/tasks.o
                0x00002384                vTaskPriorityDisinherit
 .text.qESC_Init
                0x000023fc       0x10 ./src/drivers/peripherals/qESC.o
                0x000023fc                qESC_Init
 .text.qESC_InitChannel
                0x0000240c       0x28 ./src/drivers/peripherals/qESC.o
                0x0000240c                qESC_InitChannel
 .text.qESC_SetOutput
                0x00002434       0x2c ./src/drivers/peripherals/qESC.o
                0x00002434                qESC_SetOutput
 .text.qI2C_Init
                0x00002460       0x54 ./src/drivers/peripherals/qI2C.o
                0x00002460                qI2C_Init
 .text.qI2C_Write
                0x000024b4       0x48 ./src/drivers/peripherals/qI2C.o
                0x000024b4                qI2C_Write
 .text.qI2C_Read
                0x000024fc       0x34 ./src/drivers/peripherals/qI2C.o
                0x000024fc                qI2C_Read
 .text.qI2C_Write_
                0x00002530       0x54 ./src/drivers/peripherals/qI2C.o
                0x00002530                qI2C_Write_
 .text.qI2C_Read_
                0x00002584       0x38 ./src/drivers/peripherals/qI2C.o
                0x00002584                qI2C_Read_
 .text.qPWM_Init
                0x000025bc       0x7c ./src/drivers/peripherals/qPWM.o
                0x000025bc                qPWM_Init
 .text.qPWM_InitChannel
                0x00002638       0x64 ./src/drivers/peripherals/qPWM.o
                0x00002638                qPWM_InitChannel
 .text.qPWM_SetDuty
                0x0000269c       0x18 ./src/drivers/peripherals/qPWM.o
                0x0000269c                qPWM_SetDuty
 .text.getPindata
                0x000026b4       0x68 ./src/drivers/peripherals/qUART.o
                0x000026b4                getPindata
 .text.qUART_EnableTx
                0x0000271c       0x4c ./src/drivers/peripherals/qUART.o
                0x0000271c                qUART_EnableTx
 .text.qUART_EnableRx
                0x00002768       0x4c ./src/drivers/peripherals/qUART.o
                0x00002768                qUART_EnableRx
 .text.qUART_Init
                0x000027b4      0x1b4 ./src/drivers/peripherals/qUART.o
                0x000027b4                qUART_Init
 .text.qUART_Register_RBR_Callback
                0x00002968       0x14 ./src/drivers/peripherals/qUART.o
                0x00002968                qUART_Register_RBR_Callback
 .text.flushBuffer
                0x0000297c       0x54 ./src/drivers/peripherals/qUART.o
                0x0000297c                flushBuffer
 .text.qUART_Send
                0x000029d0       0xbc ./src/drivers/peripherals/qUART.o
                0x000029d0                qUART_Send
 .text.UARTx_IRQHandler
                0x00002a8c       0x98 ./src/drivers/peripherals/qUART.o
                0x00002a8c                UARTx_IRQHandler
 .text.UART0_IRQHandler
                0x00002b24        0xc ./src/drivers/peripherals/qUART.o
                0x00002b24                UART0_IRQHandler
 .text.UART2_IRQHandler
                0x00002b30        0xc ./src/drivers/peripherals/qUART.o
                0x00002b30                UART2_IRQHandler
 .text.UART3_IRQHandler
                0x00002b3c        0xc ./src/drivers/peripherals/qUART.o
                0x00002b3c                UART3_IRQHandler
 .text.TIMER0_IRQHandler
                0x00002b48       0x2c ./src/drivers/peripherals/qUART.o
                0x00002b48                TIMER0_IRQHandler
 .text.set_int_enable
                0x00002b74       0x9c ./src/drivers/devices/eMPL/inv_mpu.o
 .text.mpu_reset_fifo
                0x00002c10      0x21c ./src/drivers/devices/eMPL/inv_mpu.o
                0x00002c10                mpu_reset_fifo
 .text.mpu_set_gyro_fsr
                0x00002e2c       0x94 ./src/drivers/devices/eMPL/inv_mpu.o
                0x00002e2c                mpu_set_gyro_fsr
 .text.mpu_get_accel_fsr
                0x00002ec0       0x44 ./src/drivers/devices/eMPL/inv_mpu.o
                0x00002ec0                mpu_get_accel_fsr
 .text.mpu_set_accel_fsr
                0x00002f04       0x94 ./src/drivers/devices/eMPL/inv_mpu.o
                0x00002f04                mpu_set_accel_fsr
 .text.mpu_set_lpf
                0x00002f98       0x94 ./src/drivers/devices/eMPL/inv_mpu.o
                0x00002f98                mpu_set_lpf
 .text.mpu_get_gyro_sens
                0x0000302c       0x4c ./src/drivers/devices/eMPL/inv_mpu.o
                0x0000302c                mpu_get_gyro_sens
 .text.mpu_configure_fifo
                0x00003078       0x64 ./src/drivers/devices/eMPL/inv_mpu.o
                0x00003078                mpu_configure_fifo
 .text.mpu_read_fifo_stream
                0x000030dc       0xc4 ./src/drivers/devices/eMPL/inv_mpu.o
                0x000030dc                mpu_read_fifo_stream
 .text.mpu_set_bypass
                0x000031a0      0x194 ./src/drivers/devices/eMPL/inv_mpu.o
                0x000031a0                mpu_set_bypass
 .text.mpu_set_int_latched
                0x00003334       0x78 ./src/drivers/devices/eMPL/inv_mpu.o
                0x00003334                mpu_set_int_latched
 .text.mpu_lp_accel_mode
                0x000033ac       0xdc ./src/drivers/devices/eMPL/inv_mpu.o
                0x000033ac                mpu_lp_accel_mode
 .text.mpu_set_sample_rate
                0x00003488       0xa0 ./src/drivers/devices/eMPL/inv_mpu.o
                0x00003488                mpu_set_sample_rate
 .text.mpu_set_sensors
                0x00003528       0xf4 ./src/drivers/devices/eMPL/inv_mpu.o
                0x00003528                mpu_set_sensors
 .text.mpu_init
                0x0000361c      0x1b0 ./src/drivers/devices/eMPL/inv_mpu.o
                0x0000361c                mpu_init
 .text.mpu_write_mem
                0x000037cc       0x78 ./src/drivers/devices/eMPL/inv_mpu.o
                0x000037cc                mpu_write_mem
 .text.mpu_read_mem
                0x00003844       0x78 ./src/drivers/devices/eMPL/inv_mpu.o
                0x00003844                mpu_read_mem
 .text.mpu_load_firmware
                0x000038bc       0xb8 ./src/drivers/devices/eMPL/inv_mpu.o
                0x000038bc                mpu_load_firmware
 .text.mpu_set_dmp_state
                0x00003974       0x8c ./src/drivers/devices/eMPL/inv_mpu.o
                0x00003974                mpu_set_dmp_state
 .text.decode_gesture
                0x00003a00       0x40 ./src/drivers/devices/eMPL/inv_mpu_dmp_motion_driver.o
 .text.dmp_load_motion_driver_firmware
                0x00003a40       0x18 ./src/drivers/devices/eMPL/inv_mpu_dmp_motion_driver.o
                0x00003a40                dmp_load_motion_driver_firmware
 .text.dmp_set_fifo_rate
                0x00003a58       0x70 ./src/drivers/devices/eMPL/inv_mpu_dmp_motion_driver.o
                0x00003a58                dmp_set_fifo_rate
 .text.dmp_set_tap_thresh
                0x00003ac8      0x1a0 ./src/drivers/devices/eMPL/inv_mpu_dmp_motion_driver.o
                0x00003ac8                dmp_set_tap_thresh
 .text.dmp_set_tap_axes
                0x00003c68       0x50 ./src/drivers/devices/eMPL/inv_mpu_dmp_motion_driver.o
                0x00003c68                dmp_set_tap_axes
 .text.dmp_set_tap_count
                0x00003cb8       0x2c ./src/drivers/devices/eMPL/inv_mpu_dmp_motion_driver.o
                0x00003cb8                dmp_set_tap_count
 .text.dmp_set_tap_time
                0x00003ce4       0x2c ./src/drivers/devices/eMPL/inv_mpu_dmp_motion_driver.o
                0x00003ce4                dmp_set_tap_time
 .text.dmp_set_tap_time_multi
                0x00003d10       0x2c ./src/drivers/devices/eMPL/inv_mpu_dmp_motion_driver.o
                0x00003d10                dmp_set_tap_time_multi
 .text.dmp_set_shake_reject_thresh
                0x00003d3c       0x48 ./src/drivers/devices/eMPL/inv_mpu_dmp_motion_driver.o
                0x00003d3c                dmp_set_shake_reject_thresh
 .text.dmp_set_shake_reject_time
                0x00003d84       0x2c ./src/drivers/devices/eMPL/inv_mpu_dmp_motion_driver.o
                0x00003d84                dmp_set_shake_reject_time
 .text.dmp_set_shake_reject_timeout
                0x00003db0       0x2c ./src/drivers/devices/eMPL/inv_mpu_dmp_motion_driver.o
                0x00003db0                dmp_set_shake_reject_timeout
 .text.dmp_enable_gyro_cal
                0x00003ddc       0x4c ./src/drivers/devices/eMPL/inv_mpu_dmp_motion_driver.o
                0x00003ddc                dmp_enable_gyro_cal
 .text.dmp_enable_lp_quat
                0x00003e28       0x44 ./src/drivers/devices/eMPL/inv_mpu_dmp_motion_driver.o
                0x00003e28                dmp_enable_lp_quat
 .text.dmp_enable_6x_lp_quat
                0x00003e6c       0x44 ./src/drivers/devices/eMPL/inv_mpu_dmp_motion_driver.o
                0x00003e6c                dmp_enable_6x_lp_quat
 .text.dmp_enable_feature
                0x00003eb0      0x21c ./src/drivers/devices/eMPL/inv_mpu_dmp_motion_driver.o
                0x00003eb0                dmp_enable_feature
 .text.dmp_read_fifo
                0x000040cc      0x1b8 ./src/drivers/devices/eMPL/inv_mpu_dmp_motion_driver.o
                0x000040cc                dmp_read_fifo
 .text.eeprom_read
                0x00004284       0x20 ./src/drivers/devices/eeprom.o
                0x00004284                eeprom_read
 .text.eeprom_write
                0x000042a4       0x8c ./src/drivers/devices/eeprom.o
                0x000042a4                eeprom_write
 .text.qLed_Init
                0x00004330       0x1c ./src/drivers/devices/leds.o
                0x00004330                qLed_Init
 .text.qLed_TurnOn
                0x0000434c       0x38 ./src/drivers/devices/leds.o
                0x0000434c                qLed_TurnOn
 .text.qLed_TurnOff
                0x00004384       0x38 ./src/drivers/devices/leds.o
                0x00004384                qLed_TurnOff
 .text.map      0x000043bc       0x40 ./src/app2/autopilot.o
                0x000043bc                map
 .text.Flight_onTimeStartup
                0x000043fc      0x114 ./src/app2/autopilot.o
                0x000043fc                Flight_onTimeStartup
 .text.Flight_onEntry
                0x00004510       0x64 ./src/app2/autopilot.o
                0x00004510                Flight_onEntry
 .text.Flight_onExit
                0x00004574       0x64 ./src/app2/autopilot.o
                0x00004574                Flight_onExit
 .text.MPU6050_dmpGetEuler
                0x000045d8      0x14c ./src/app2/autopilot.o
                0x000045d8                MPU6050_dmpGetEuler
 *fill*         0x00004724        0x4 
 .text.Flight_Task
                0x00004728      0x7c0 ./src/app2/autopilot.o
                0x00004728                Flight_Task
 .text.EINT3_IRQHandler
                0x00004ee8       0x40 ./src/app2/autopilot.o
                0x00004ee8                EINT3_IRQHandler
 .text.beacon   0x00004f28       0xb4 ./src/app2/beacon.o
                0x00004f28                beacon
 .text.commandRead
                0x00004fdc       0x30 ./src/app2/comms.o
                0x00004fdc                commandRead
 .text.commandWrite
                0x0000500c       0x34 ./src/app2/comms.o
                0x0000500c                commandWrite
 .text.Communications
                0x00005040       0xd4 ./src/app2/comms.o
                0x00005040                Communications
 .text.error    0x00005114        0x4 ./src/app2/comms.o
                0x00005114                error
 .text.UART_Rx_Handler
                0x00005118       0x6c ./src/app2/comms.o
                0x00005118                UART_Rx_Handler
 .text.halt     0x00005184       0xb0 ./src/app2/hardwareInit.o
                0x00005184                halt
 .text.hardwareInit
                0x00005234      0x208 ./src/app2/hardwareInit.o
                0x00005234                hardwareInit
 .text.system   0x0000543c       0xa8 ./src/app2/system.o
                0x0000543c                system
 .text.AppMain  0x000054e4       0x4c ./src/app2/system.o
                0x000054e4                AppMain
 .text.vApplicationStackOverflowHook
                0x00005530        0x4 ./src/app2/system.o
                0x00005530                vApplicationStackOverflowHook
 .text.Telemetry
                0x00005534       0x34 ./src/app2/telemetry.o
                0x00005534                Telemetry
 .text.ConsolePuts_
                0x00005568       0x5c ./src/api/src/DebugConsole.o
                0x00005568                ConsolePuts_
 .text.ConsolePuts
                0x000055c4        0xc ./src/api/src/DebugConsole.o
                0x000055c4                ConsolePuts
 .text.qNVRAM_Load
                0x000055d0       0xc0 ./src/api/src/nvram.o
                0x000055d0                qNVRAM_Load
 .text.qNVRAM_setDefaults
                0x00005690       0x70 ./src/api/src/nvram.o
                0x00005690                qNVRAM_setDefaults
 .text.qNVRAM_Save
                0x00005700       0x10 ./src/api/src/nvram.o
                0x00005700                qNVRAM_Save
 .text._qComms_getCurrentTimeStamp
                0x00005710        0x4 ./src/api/src/qCOMMS.o
                0x00005710                _qComms_getCurrentTimeStamp
 .text._qComms_CreateMsg
                0x00005714       0x34 ./src/api/src/qCOMMS.o
                0x00005714                _qComms_CreateMsg
 .text.qComms_SendMsg
                0x00005748       0x78 ./src/api/src/qCOMMS.o
                0x00005748                qComms_SendMsg
 .text.qComms_ParseByte
                0x000057c0       0xcc ./src/api/src/qCOMMS.o
                0x000057c0                qComms_ParseByte
 .text.qPID_Init
                0x0000588c        0xc ./src/api/src/qPIDs.o
                0x0000588c                qPID_Init
 .text.qPID_Process_
                0x00005898      0x1e0 ./src/api/src/qPIDs.o
                0x00005898                qPID_Process_
 .text.timerConfig
                0x00005a78       0x30 ./src/api/src/timing.o
                0x00005a78                timerConfig
 .text.CLKPWR_SetPCLKDiv
                0x00005aa8       0x60 ./src/CMSIS/Drivers/source/lpc17xx_clkpwr.o
                0x00005aa8                CLKPWR_SetPCLKDiv
 .text.CLKPWR_GetPCLKSEL
                0x00005b08       0x24 ./src/CMSIS/Drivers/source/lpc17xx_clkpwr.o
                0x00005b08                CLKPWR_GetPCLKSEL
 .text.CLKPWR_GetPCLK
                0x00005b2c       0x28 ./src/CMSIS/Drivers/source/lpc17xx_clkpwr.o
                0x00005b2c                CLKPWR_GetPCLK
 .text.CLKPWR_ConfigPPWR
                0x00005b54       0x34 ./src/CMSIS/Drivers/source/lpc17xx_clkpwr.o
                0x00005b54                CLKPWR_ConfigPPWR
 .text.GPDMA_Init
                0x00005b88       0x40 ./src/CMSIS/Drivers/source/lpc17xx_gpdma.o
                0x00005b88                GPDMA_Init
 .text.GPDMA_Setup
                0x00005bc8      0x1f4 ./src/CMSIS/Drivers/source/lpc17xx_gpdma.o
                0x00005bc8                GPDMA_Setup
 .text.GPDMA_ChannelCmd
                0x00005dbc       0x24 ./src/CMSIS/Drivers/source/lpc17xx_gpdma.o
                0x00005dbc                GPDMA_ChannelCmd
 .text.GPIO_GetPointer
                0x00005de0       0x3c ./src/CMSIS/Drivers/source/lpc17xx_gpio.o
 .text.GPIO_SetDir
                0x00005e1c       0x20 ./src/CMSIS/Drivers/source/lpc17xx_gpio.o
                0x00005e1c                GPIO_SetDir
 .text.GPIO_SetValue
                0x00005e3c       0x10 ./src/CMSIS/Drivers/source/lpc17xx_gpio.o
                0x00005e3c                GPIO_SetValue
 .text.GPIO_ClearValue
                0x00005e4c       0x10 ./src/CMSIS/Drivers/source/lpc17xx_gpio.o
                0x00005e4c                GPIO_ClearValue
 .text.GPIO_IntCmd
                0x00005e5c       0x38 ./src/CMSIS/Drivers/source/lpc17xx_gpio.o
                0x00005e5c                GPIO_IntCmd
 .text.GPIO_GetIntStatus
                0x00005e94       0x58 ./src/CMSIS/Drivers/source/lpc17xx_gpio.o
                0x00005e94                GPIO_GetIntStatus
 .text.GPIO_ClearInt
                0x00005eec       0x18 ./src/CMSIS/Drivers/source/lpc17xx_gpio.o
                0x00005eec                GPIO_ClearInt
 .text.I2C_getNum
                0x00005f04       0x2c ./src/CMSIS/Drivers/source/lpc17xx_i2c.o
 .text.I2C_Start
                0x00005f30       0x1c ./src/CMSIS/Drivers/source/lpc17xx_i2c.o
 .text.I2C_Stop
                0x00005f4c       0x18 ./src/CMSIS/Drivers/source/lpc17xx_i2c.o
 .text.I2C_SendByte
                0x00005f64       0x24 ./src/CMSIS/Drivers/source/lpc17xx_i2c.o
 .text.I2C_GetByte
                0x00005f88       0x28 ./src/CMSIS/Drivers/source/lpc17xx_i2c.o
 .text.I2C_SetClock
                0x00005fb0       0x74 ./src/CMSIS/Drivers/source/lpc17xx_i2c.o
 .text.I2C_Init
                0x00006024       0x90 ./src/CMSIS/Drivers/source/lpc17xx_i2c.o
                0x00006024                I2C_Init
 .text.I2C_Cmd  0x000060b4       0x4c ./src/CMSIS/Drivers/source/lpc17xx_i2c.o
                0x000060b4                I2C_Cmd
 .text.I2C_IntCmd
                0x00006100       0x78 ./src/CMSIS/Drivers/source/lpc17xx_i2c.o
                0x00006100                I2C_IntCmd
 .text.I2C_MasterTransferData
                0x00006178      0x1c0 ./src/CMSIS/Drivers/source/lpc17xx_i2c.o
                0x00006178                I2C_MasterTransferData
 .text.check_failed
                0x00006338        0x4 ./src/CMSIS/Drivers/source/lpc17xx_libcfg_default.o
                0x00006338                check_failed
 .text.set_PinFunc
                0x0000633c       0x38 ./src/CMSIS/Drivers/source/lpc17xx_pinsel.o
 .text.set_ResistorMode
                0x00006374       0x34 ./src/CMSIS/Drivers/source/lpc17xx_pinsel.o
 .text.set_OpenDrainMode
                0x000063a8       0x30 ./src/CMSIS/Drivers/source/lpc17xx_pinsel.o
 .text.PINSEL_ConfigPin
                0x000063d8       0x24 ./src/CMSIS/Drivers/source/lpc17xx_pinsel.o
                0x000063d8                PINSEL_ConfigPin
 .text.PWM_Init
                0x000063fc       0xc4 ./src/CMSIS/Drivers/source/lpc17xx_pwm.o
                0x000063fc                PWM_Init
 .text.PWM_Cmd  0x000064c0       0x40 ./src/CMSIS/Drivers/source/lpc17xx_pwm.o
                0x000064c0                PWM_Cmd
 .text.PWM_CounterCmd
                0x00006500       0x44 ./src/CMSIS/Drivers/source/lpc17xx_pwm.o
                0x00006500                PWM_CounterCmd
 .text.PWM_ResetCounter
                0x00006544       0x30 ./src/CMSIS/Drivers/source/lpc17xx_pwm.o
                0x00006544                PWM_ResetCounter
 .text.PWM_ConfigMatch
                0x00006574      0x118 ./src/CMSIS/Drivers/source/lpc17xx_pwm.o
                0x00006574                PWM_ConfigMatch
 .text.PWM_MatchUpdate
                0x0000668c       0x90 ./src/CMSIS/Drivers/source/lpc17xx_pwm.o
                0x0000668c                PWM_MatchUpdate
 .text.PWM_ChannelConfig
                0x0000671c       0x80 ./src/CMSIS/Drivers/source/lpc17xx_pwm.o
                0x0000671c                PWM_ChannelConfig
 .text.PWM_ChannelCmd
                0x0000679c       0x74 ./src/CMSIS/Drivers/source/lpc17xx_pwm.o
                0x0000679c                PWM_ChannelCmd
 .text.converPtrToTimeNum
                0x00006810       0x38 ./src/CMSIS/Drivers/source/lpc17xx_timer.o
 .text.getPClock
                0x00006848       0x38 ./src/CMSIS/Drivers/source/lpc17xx_timer.o
 .text.converUSecToVal
                0x00006880       0x1c ./src/CMSIS/Drivers/source/lpc17xx_timer.o
 .text.TIM_GetIntStatus
                0x0000689c       0x58 ./src/CMSIS/Drivers/source/lpc17xx_timer.o
                0x0000689c                TIM_GetIntStatus
 .text.TIM_ClearIntPending
                0x000068f4       0x48 ./src/CMSIS/Drivers/source/lpc17xx_timer.o
                0x000068f4                TIM_ClearIntPending
 .text.TIM_Init
                0x0000693c      0x110 ./src/CMSIS/Drivers/source/lpc17xx_timer.o
                0x0000693c                TIM_Init
 .text.TIM_Cmd  0x00006a4c       0x4c ./src/CMSIS/Drivers/source/lpc17xx_timer.o
                0x00006a4c                TIM_Cmd
 .text.TIM_ResetCounter
                0x00006a98       0x44 ./src/CMSIS/Drivers/source/lpc17xx_timer.o
                0x00006a98                TIM_ResetCounter
 .text.TIM_ConfigMatch
                0x00006adc       0xf4 ./src/CMSIS/Drivers/source/lpc17xx_timer.o
                0x00006adc                TIM_ConfigMatch
 .text.uart_set_divisors
                0x00006bd0      0x164 ./src/CMSIS/Drivers/source/lpc17xx_uart.o
 .text.UART_Init
                0x00006d34      0x1a8 ./src/CMSIS/Drivers/source/lpc17xx_uart.o
                0x00006d34                UART_Init
 .text.UART_IntConfig
                0x00006edc       0xf8 ./src/CMSIS/Drivers/source/lpc17xx_uart.o
                0x00006edc                UART_IntConfig
 .text.UART_FIFOConfig
                0x00006fd4       0xcc ./src/CMSIS/Drivers/source/lpc17xx_uart.o
                0x00006fd4                UART_FIFOConfig
 .text.UART_FIFOConfigStructInit
                0x000070a0       0x10 ./src/CMSIS/Drivers/source/lpc17xx_uart.o
                0x000070a0                UART_FIFOConfigStructInit
 .text.UART_TxCmd
                0x000070b0       0x8c ./src/CMSIS/Drivers/source/lpc17xx_uart.o
                0x000070b0                UART_TxCmd
 .text.SystemInit
                0x0000713c       0xf8 ./src/CMSIS/Core/CM3/DeviceSupport/NXP/LPC17xx/system_LPC17xx.o
                0x0000713c                SystemInit
 .text.HardFault_HandlerAsm
                0x00007234       0x1c ./src/hardfault.o
                0x00007234                HardFault_HandlerAsm
 .text.HardFault_HandlerC
                0x00007250       0x64 ./src/hardfault.o
                0x00007250                HardFault_HandlerC
 .text          0x000072b4      0x370 c:/nxp/lpcxpresso_7.3.0_186/lpcxpresso/tools/bin/../lib/gcc/arm-none-eabi/4.8.4/armv7-m\libgcc.a(_arm_addsubdf3.o)
                0x000072b4                __aeabi_drsub
                0x000072bc                __aeabi_dsub
                0x000072bc                __subdf3
                0x000072c0                __aeabi_dadd
                0x000072c0                __adddf3
                0x00007538                __floatunsidf
                0x00007538                __aeabi_ui2d
                0x00007558                __floatsidf
                0x00007558                __aeabi_i2d
                0x0000757c                __aeabi_f2d
                0x0000757c                __extendsfdf2
                0x000075b8                __floatundidf
                0x000075b8                __aeabi_ul2d
                0x000075c8                __floatdidf
                0x000075c8                __aeabi_l2d
 .text          0x00007624      0x424 c:/nxp/lpcxpresso_7.3.0_186/lpcxpresso/tools/bin/../lib/gcc/arm-none-eabi/4.8.4/armv7-m\libgcc.a(_arm_muldivdf3.o)
                0x00007624                __aeabi_dmul
                0x00007624                __muldf3
                0x00007878                __divdf3
                0x00007878                __aeabi_ddiv
 .text          0x00007a48      0x110 c:/nxp/lpcxpresso_7.3.0_186/lpcxpresso/tools/bin/../lib/gcc/arm-none-eabi/4.8.4/armv7-m\libgcc.a(_arm_cmpdf2.o)
                0x00007a48                __gtdf2
                0x00007a48                __gedf2
                0x00007a50                __ltdf2
                0x00007a50                __ledf2
                0x00007a58                __nedf2
                0x00007a58                __eqdf2
                0x00007a58                __cmpdf2
                0x00007ad4                __aeabi_cdrcmple
                0x00007ae4                __aeabi_cdcmpeq
                0x00007ae4                __aeabi_cdcmple
                0x00007af4                __aeabi_dcmpeq
                0x00007b08                __aeabi_dcmplt
                0x00007b1c                __aeabi_dcmple
                0x00007b30                __aeabi_dcmpge
                0x00007b44                __aeabi_dcmpgt
 .text          0x00007b58       0x40 c:/nxp/lpcxpresso_7.3.0_186/lpcxpresso/tools/bin/../lib/gcc/arm-none-eabi/4.8.4/armv7-m\libgcc.a(_arm_fixunsdfsi.o)
                0x00007b58                __aeabi_d2uiz
                0x00007b58                __fixunsdfsi
 .text          0x00007b98       0xa0 c:/nxp/lpcxpresso_7.3.0_186/lpcxpresso/tools/bin/../lib/gcc/arm-none-eabi/4.8.4/armv7-m\libgcc.a(_arm_truncdfsf2.o)
                0x00007b98                __truncdfsf2
                0x00007b98                __aeabi_d2f
 .text          0x00007c38      0x21c c:/nxp/lpcxpresso_7.3.0_186/lpcxpresso/tools/bin/../lib/gcc/arm-none-eabi/4.8.4/armv7-m\libgcc.a(_arm_addsubsf3.o)
                0x00007c38                __aeabi_frsub
                0x00007c40                __subsf3
                0x00007c40                __aeabi_fsub
                0x00007c44                __aeabi_fadd
                0x00007c44                __addsf3
                0x00007da4                __aeabi_ui2f
                0x00007da4                __floatunsisf
                0x00007dac                __aeabi_i2f
                0x00007dac                __floatsisf
                0x00007dc8                __aeabi_ul2f
                0x00007dc8                __floatundisf
                0x00007dd8                __aeabi_l2f
                0x00007dd8                __floatdisf
 .text          0x00007e54      0x2a0 c:/nxp/lpcxpresso_7.3.0_186/lpcxpresso/tools/bin/../lib/gcc/arm-none-eabi/4.8.4/armv7-m\libgcc.a(_arm_muldivsf3.o)
                0x00007e54                __mulsf3
                0x00007e54                __aeabi_fmul
                0x00007fbc                __aeabi_fdiv
                0x00007fbc                __divsf3
 .text          0x000080f4       0xec c:/nxp/lpcxpresso_7.3.0_186/lpcxpresso/tools/bin/../lib/gcc/arm-none-eabi/4.8.4/armv7-m\libgcc.a(_arm_cmpsf2.o)
                0x000080f4                __gesf2
                0x000080f4                __gtsf2
                0x000080fc                __lesf2
                0x000080fc                __ltsf2
                0x00008104                __nesf2
                0x00008104                __eqsf2
                0x00008104                __cmpsf2
                0x00008164                __aeabi_cfrcmple
                0x0000816c                __aeabi_cfcmpeq
                0x0000816c                __aeabi_cfcmple
                0x0000817c                __aeabi_fcmpeq
                0x00008190                __aeabi_fcmplt
                0x000081a4                __aeabi_fcmple
                0x000081b8                __aeabi_fcmpge
                0x000081cc                __aeabi_fcmpgt
 .text          0x000081e0       0x40 c:/nxp/lpcxpresso_7.3.0_186/lpcxpresso/tools/bin/../lib/gcc/arm-none-eabi/4.8.4/armv7-m\libgcc.a(_arm_fixunssfsi.o)
                0x000081e0                __fixunssfsi
                0x000081e0                __aeabi_f2uiz
 .text          0x00008220       0x2c c:/nxp/lpcxpresso_7.3.0_186/lpcxpresso/tools/bin/../lib/gcc/arm-none-eabi/4.8.4/armv7-m\libgcc.a(_aeabi_uldivmod.o)
                0x00008220                __aeabi_uldivmod
 .text          0x0000824c       0x60 c:/nxp/lpcxpresso_7.3.0_186/lpcxpresso/tools/bin/../lib/gcc/arm-none-eabi/4.8.4/armv7-m\libgcc.a(bpabi.o)
                0x0000824c                __gnu_ldivmod_helper
                0x0000827c                __gnu_uldivmod_helper
 .text          0x000082ac        0x4 c:/nxp/lpcxpresso_7.3.0_186/lpcxpresso/tools/bin/../lib/gcc/arm-none-eabi/4.8.4/armv7-m\libgcc.a(_dvmd_tls.o)
                0x000082ac                __aeabi_idiv0
                0x000082ac                __aeabi_ldiv0
 .text          0x000082b0      0x2a0 c:/nxp/lpcxpresso_7.3.0_186/lpcxpresso/tools/bin/../lib/gcc/arm-none-eabi/4.8.4/armv7-m\libgcc.a(_divdi3.o)
                0x000082b0                __divdi3
 .text          0x00008550      0x290 c:/nxp/lpcxpresso_7.3.0_186/lpcxpresso/tools/bin/../lib/gcc/arm-none-eabi/4.8.4/armv7-m\libgcc.a(_udivdi3.o)
                0x00008550                __udivdi3
 .text.memcmp   0x000087e0       0x68 c:/nxp/lpcxpresso_7.3.0_186/lpcxpresso/tools/bin/../lib/gcc/arm-none-eabi/4.8.4/../../../../arm-none-eabi/lib/armv7-m\libc.a(lib_a-memcmp.o)
                0x000087e0                memcmp
 .text          0x00008848       0xec c:/nxp/lpcxpresso_7.3.0_186/lpcxpresso/tools/bin/../lib/gcc/arm-none-eabi/4.8.4/../../../../arm-none-eabi/lib/armv7-m\libc.a(lib_a-memcpy.o)
                0x00008848                memcpy
 .text.memset   0x00008934       0x94 c:/nxp/lpcxpresso_7.3.0_186/lpcxpresso/tools/bin/../lib/gcc/arm-none-eabi/4.8.4/../../../../arm-none-eabi/lib/armv7-m\libc.a(lib_a-memset.o)
                0x00008934                memset
 .text.strlen   0x000089c8       0x60 c:/nxp/lpcxpresso_7.3.0_186/lpcxpresso/tools/bin/../lib/gcc/arm-none-eabi/4.8.4/../../../../arm-none-eabi/lib/armv7-m\libc.a(lib_a-strlen.o)
                0x000089c8                strlen
 .text.strncmp  0x00008a28       0xb4 c:/nxp/lpcxpresso_7.3.0_186/lpcxpresso/tools/bin/../lib/gcc/arm-none-eabi/4.8.4/../../../../arm-none-eabi/lib/armv7-m\libc.a(lib_a-strncmp.o)
                0x00008a28                strncmp
 .text.strncpy  0x00008adc       0x64 c:/nxp/lpcxpresso_7.3.0_186/lpcxpresso/tools/bin/../lib/gcc/arm-none-eabi/4.8.4/../../../../arm-none-eabi/lib/armv7-m\libc.a(lib_a-strncpy.o)
                0x00008adc                strncpy
 .text.__fpclassifyd
                0x00008b40       0x50 c:/nxp/lpcxpresso_7.3.0_186/lpcxpresso/tools/bin/../lib/gcc/arm-none-eabi/4.8.4/../../../../arm-none-eabi/lib/armv7-m\libc.a(lib_a-s_fpclassify.o)
                0x00008b40                __fpclassifyd
 .text.fabs     0x00008b90        0x8 c:/nxp/lpcxpresso_7.3.0_186/lpcxpresso/tools/bin/../lib/gcc/arm-none-eabi/4.8.4/../../../../arm-none-eabi/lib/armv7-m\libm.a(lib_a-s_fabs.o)
                0x00008b90                fabs
 .text.fabsf    0x00008b98        0x8 c:/nxp/lpcxpresso_7.3.0_186/lpcxpresso/tools/bin/../lib/gcc/arm-none-eabi/4.8.4/../../../../arm-none-eabi/lib/armv7-m\libm.a(lib_a-sf_fabs.o)
                0x00008b98                fabsf
 .text.asin     0x00008ba0       0xa8 c:/nxp/lpcxpresso_7.3.0_186/lpcxpresso/tools/bin/../lib/gcc/arm-none-eabi/4.8.4/../../../../arm-none-eabi/lib/armv7-m\libm.a(lib_a-w_asin.o)
                0x00008ba0                asin
 .text.atan2    0x00008c48        0x4 c:/nxp/lpcxpresso_7.3.0_186/lpcxpresso/tools/bin/../lib/gcc/arm-none-eabi/4.8.4/../../../../arm-none-eabi/lib/armv7-m\libm.a(lib_a-w_atan2.o)
                0x00008c48                atan2
 *fill*         0x00008c4c        0x4 
 .text.__ieee754_asin
                0x00008c50      0x470 c:/nxp/lpcxpresso_7.3.0_186/lpcxpresso/tools/bin/../lib/gcc/arm-none-eabi/4.8.4/../../../../arm-none-eabi/lib/armv7-m\libm.a(lib_a-e_asin.o)
                0x00008c50                __ieee754_asin
 .text.__ieee754_atan2
                0x000090c0      0x1f0 c:/nxp/lpcxpresso_7.3.0_186/lpcxpresso/tools/bin/../lib/gcc/arm-none-eabi/4.8.4/../../../../arm-none-eabi/lib/armv7-m\libm.a(lib_a-e_atan2.o)
                0x000090c0                __ieee754_atan2
 .text.__ieee754_sqrt
                0x000092b0      0x180 c:/nxp/lpcxpresso_7.3.0_186/lpcxpresso/tools/bin/../lib/gcc/arm-none-eabi/4.8.4/../../../../arm-none-eabi/lib/armv7-m\libm.a(lib_a-e_sqrt.o)
                0x000092b0                __ieee754_sqrt
 .text.atan     0x00009430      0x350 c:/nxp/lpcxpresso_7.3.0_186/lpcxpresso/tools/bin/../lib/gcc/arm-none-eabi/4.8.4/../../../../arm-none-eabi/lib/armv7-m\libm.a(lib_a-s_atan.o)
                0x00009430                atan
 .text.matherr  0x00009780        0x4 c:/nxp/lpcxpresso_7.3.0_186/lpcxpresso/tools/bin/../lib/gcc/arm-none-eabi/4.8.4/../../../../arm-none-eabi/lib/armv7-m\libm.a(lib_a-s_matherr.o)
                0x00009780                matherr
 .text.nan      0x00009784        0xc c:/nxp/lpcxpresso_7.3.0_186/lpcxpresso/tools/bin/../lib/gcc/arm-none-eabi/4.8.4/../../../../arm-none-eabi/lib/armv7-m\libm.a(lib_a-s_nan.o)
                0x00009784                nan
 .text.__errno  0x00009790        0xc c:/nxp/lpcxpresso_7.3.0_186/lpcxpresso/tools/bin/../lib/gcc/arm-none-eabi/4.8.4/../../../../arm-none-eabi/lib/armv7-m\libc.a(lib_a-errno.o)
                0x00009790                __errno
 *(.rodata .rodata.* .constdata .constdata.*)
 .rodata.str1.4
                0x0000979c      0x2bd ./src/rtos/Trace Recorder Library/trcBase.o
                                0x2c0 (size before relaxing)
 *fill*         0x00009a59        0x3 
 .rodata.str1.4
                0x00009a5c        0xa ./src/rtos/Trace Recorder Library/trcKernel.o
                                  0xc (size before relaxing)
 *fill*         0x00009a66        0x2 
 .rodata.str1.4
                0x00009a68      0x163 ./src/rtos/Trace Recorder Library/trcUser.o
                                0x164 (size before relaxing)
 *fill*         0x00009bcb        0x1 
 .rodata.ucExpectedStackBytes.6886
                0x00009bcc       0x14 ./src/rtos/tasks.o
 .rodata.str1.4
                0x00009be0       0x19 ./src/rtos/tasks.o
                                 0x20 (size before relaxing)
 *fill*         0x00009bf9        0x3 
 .rodata.uarts  0x00009bfc        0xc ./src/drivers/peripherals/qUART.o
 .rodata.test   0x00009c08       0x28 ./src/drivers/devices/eMPL/inv_mpu.o
                0x00009c08                test
 .rodata.hw     0x00009c30        0xc ./src/drivers/devices/eMPL/inv_mpu.o
                0x00009c30                hw
 .rodata.reg    0x00009c3c       0x20 ./src/drivers/devices/eMPL/inv_mpu.o
                0x00009c3c                reg
 .rodata        0x00009c5c       0x4c ./src/drivers/devices/eMPL/inv_mpu_dmp_motion_driver.o
 .rodata.dmp_memory
                0x00009ca8      0xbf8 ./src/drivers/devices/eMPL/inv_mpu_dmp_motion_driver.o
 .rodata.str1.4
                0x0000a8a0       0x1b ./src/app2/autopilot.o
                                 0x1c (size before relaxing)
 *fill*         0x0000a8bb        0x1 
 .rodata.str1.4
                0x0000a8bc       0x8d ./src/app2/comms.o
                                 0x90 (size before relaxing)
 *fill*         0x0000a949        0x3 
 .rodata.str1.4
                0x0000a94c       0xd8 ./src/app2/hardwareInit.o
                                 0xe0 (size before relaxing)
 .rodata.str1.4
                0x0000aa24       0x8e ./src/app2/system.o
                                 0x90 (size before relaxing)
 *fill*         0x0000aab2        0x2 
 .rodata.colorArray
                0x0000aab4       0x24 ./src/api/src/DebugConsole.o
 .rodata.str1.4
                0x0000aad8       0x66 ./src/api/src/DebugConsole.o
                                 0x68 (size before relaxing)
 *fill*         0x0000ab3e        0x2 
 .rodata.GPDMA_LUTPerAddr
                0x0000ab40       0x60 ./src/CMSIS/Drivers/source/lpc17xx_gpdma.o
                0x0000ab40                GPDMA_LUTPerAddr
 .rodata.GPDMA_LUTPerWid
                0x0000aba0       0x18 ./src/CMSIS/Drivers/source/lpc17xx_gpdma.o
                0x0000aba0                GPDMA_LUTPerWid
 .rodata.GPDMA_LUTPerBurst
                0x0000abb8       0x18 ./src/CMSIS/Drivers/source/lpc17xx_gpdma.o
                0x0000abb8                GPDMA_LUTPerBurst
 .rodata.str1.4
                0x0000abd0       0x2a ./src/CMSIS/Drivers/source/lpc17xx_i2c.o
                                 0x2c (size before relaxing)
 *fill*         0x0000abfa        0x2 
 .rodata.str1.4
                0x0000abfc       0x2a ./src/CMSIS/Drivers/source/lpc17xx_pwm.o
                                 0x2c (size before relaxing)
 *fill*         0x0000ac26        0x2 
 .rodata.str1.4
                0x0000ac28       0x2c ./src/CMSIS/Drivers/source/lpc17xx_timer.o
 .rodata.str1.4
                0x0000ac54       0x2b ./src/CMSIS/Drivers/source/lpc17xx_uart.o
                                 0x2c (size before relaxing)
 *fill*         0x0000ac7f        0x1 
 .rodata.str1.4
                0x0000ac80        0x2 c:/nxp/lpcxpresso_7.3.0_186/lpcxpresso/tools/bin/../lib/gcc/arm-none-eabi/4.8.4/../../../../arm-none-eabi/lib/armv7-m\libc.a(lib_a-impure.o)
                                  0x4 (size before relaxing)
 *fill*         0x0000ac82        0x2 
 .rodata.str1.4
                0x0000ac84        0x8 c:/nxp/lpcxpresso_7.3.0_186/lpcxpresso/tools/bin/../lib/gcc/arm-none-eabi/4.8.4/../../../../arm-none-eabi/lib/armv7-m\libm.a(lib_a-w_asin.o)
                                  0xc (size before relaxing)
 *fill*         0x0000ac8c        0x4 
 .rodata.atanlo
                0x0000ac90       0x20 c:/nxp/lpcxpresso_7.3.0_186/lpcxpresso/tools/bin/../lib/gcc/arm-none-eabi/4.8.4/../../../../arm-none-eabi/lib/armv7-m\libm.a(lib_a-s_atan.o)
 .rodata.atanhi
                0x0000acb0       0x20 c:/nxp/lpcxpresso_7.3.0_186/lpcxpresso/tools/bin/../lib/gcc/arm-none-eabi/4.8.4/../../../../arm-none-eabi/lib/armv7-m\libm.a(lib_a-s_atan.o)
                0x0000acd0                . = ALIGN (0x4)

.glue_7         0x0000acd0        0x0
 .glue_7        0x00000000        0x0 linker stubs

.glue_7t        0x0000acd0        0x0
 .glue_7t       0x00000000        0x0 linker stubs

.vfp11_veneer   0x0000acd0        0x0
 .vfp11_veneer  0x00000000        0x0 linker stubs

.v4_bx          0x0000acd0        0x0
 .v4_bx         0x00000000        0x0 linker stubs

.iplt           0x0000acd0        0x0
 .iplt          0x00000000        0x0 ./src/system/_main.o

.ARM.extab
 *(.ARM.extab* .gnu.linkonce.armextab.*)
                0x0000acd0                __exidx_start = .

.ARM.exidx      0x0000acd0        0x8
 *(.ARM.exidx* .gnu.linkonce.armexidx.*)
 .ARM.exidx     0x0000acd0        0x8 c:/nxp/lpcxpresso_7.3.0_186/lpcxpresso/tools/bin/../lib/gcc/arm-none-eabi/4.8.4/armv7-m\libgcc.a(_divdi3.o)
 .ARM.exidx     0x0000acd8        0x0 c:/nxp/lpcxpresso_7.3.0_186/lpcxpresso/tools/bin/../lib/gcc/arm-none-eabi/4.8.4/armv7-m\libgcc.a(_udivdi3.o)
                                  0x8 (size before relaxing)
                0x0000acd8                __exidx_end = .
                0x0000acd8                _etext = .

.rel.dyn        0x0000acd8        0x0
 .rel.iplt      0x00000000        0x0 ./src/system/_main.o

.data_RAM2      0x2007c000        0x0 load address 0x0000acd8
 FILL mask 0xff
 *(.ramfunc.$RAM2)
 *(.ramfunc.$RamAHB32)
 *(.data.$RAM2*)
 *(.data.$RamAHB32*)
                0x2007c000                . = ALIGN (0x4)

.uninit_RESERVED
                0x10000000        0x0
 *(.bss.$RESERVED*)
                0x10000000                . = ALIGN (0x4)
                0x10000000                _end_uninit_RESERVED = .

.data           0x10000000     0x3f58 load address 0x0000acd8
 FILL mask 0xff
                0x10000000                _data = .
 *(vtable)
 *(.ramfunc*)
 *(.data*)
 .data.uxCriticalNesting
                0x10000000        0x4 ./src/rtos/portable/port.o
 .data.RecorderDataPtr
                0x10000004        0x4 ./src/rtos/Trace Recorder Library/trcBase.o
                0x10000004                RecorderDataPtr
 .data.RecorderData
                0x10000008     0x3a48 ./src/rtos/Trace Recorder Library/trcBase.o
                0x10000008                RecorderData
 .data.objectHandleStacks
                0x10003a50       0x48 ./src/rtos/Trace Recorder Library/trcBase.o
                0x10003a50                objectHandleStacks
 .data.TraceObjectClassTable
                0x10003a98        0x8 ./src/rtos/Trace Recorder Library/trcKernel.o
                0x10003a98                TraceObjectClassTable
 .data.xFreeBytesRemaining
                0x10003aa0        0x4 ./src/rtos/heap_4.o
 .data.xNextTaskUnblockTime
                0x10003aa4        0x4 ./src/rtos/tasks.o
 .data.st       0x10003aa8       0x2c ./src/drivers/devices/eMPL/inv_mpu.o
 .data.FlyingMode
                0x10003ad4        0x1 ./src/app2/autopilot.o
                0x10003ad4                FlyingMode
 *fill*         0x10003ad5        0x3 
 .data.pGPDMACh
                0x10003ad8       0x20 ./src/CMSIS/Drivers/source/lpc17xx_gpdma.o
                0x10003ad8                pGPDMACh
 .data.SystemCoreClock
                0x10003af8        0x4 ./src/CMSIS/Core/CM3/DeviceSupport/NXP/LPC17xx/system_LPC17xx.o
                0x10003af8                SystemCoreClock
 .data.pwm      0x10003afc       0x14 ./src/board.o
                0x10003afc                pwm
 .data.leds     0x10003b10       0x18 ./src/board.o
                0x10003b10                leds
 .data.impure_data
                0x10003b28      0x428 c:/nxp/lpcxpresso_7.3.0_186/lpcxpresso/tools/bin/../lib/gcc/arm-none-eabi/4.8.4/../../../../arm-none-eabi/lib/armv7-m\libc.a(lib_a-impure.o)
 .data._impure_ptr
                0x10003f50        0x4 c:/nxp/lpcxpresso_7.3.0_186/lpcxpresso/tools/bin/../lib/gcc/arm-none-eabi/4.8.4/../../../../arm-none-eabi/lib/armv7-m\libc.a(lib_a-impure.o)
                0x10003f50                _impure_ptr
 .data.__fdlib_version
                0x10003f54        0x1 c:/nxp/lpcxpresso_7.3.0_186/lpcxpresso/tools/bin/../lib/gcc/arm-none-eabi/4.8.4/../../../../arm-none-eabi/lib/armv7-m\libm.a(lib_a-s_lib_ver.o)
                0x10003f54                __fdlib_version
                0x10003f58                . = ALIGN (0x4)
 *fill*         0x10003f55        0x3 ff
                0x10003f58                _edata = .

.igot.plt       0x10003f58        0x0 load address 0x0000ec30
 .igot.plt      0x00000000        0x0 ./src/system/_main.o

.bss_RAM2       0x2007c000        0x0
 *(.bss.$RAM2*)
 *(.bss.$RamAHB32*)
                0x2007c000                . = ALIGN (0x4)

.bss            0x10003f58     0x3a1c
                0x10003f58                _bss = .
 *(.bss*)
 .bss.old_timestamp.6368
                0x10003f58        0x4 ./src/rtos/Trace Recorder Library/trcBase.o
 .bss.traceErrorMessage
                0x10003f5c        0x4 ./src/rtos/Trace Recorder Library/trcBase.o
                0x10003f5c                traceErrorMessage
 .bss.recorder_busy
                0x10003f60        0x4 ./src/rtos/Trace Recorder Library/trcBase.o
                0x10003f60                recorder_busy
 .bss.indexOfHandle.6305
                0x10003f64        0x4 ./src/rtos/Trace Recorder Library/trcBase.o
 .bss.len.6348  0x10003f68        0x1 ./src/rtos/Trace Recorder Library/trcBase.o
 *fill*         0x10003f69        0x1 
 .bss.result.6347
                0x10003f6a        0x2 ./src/rtos/Trace Recorder Library/trcBase.o
 .bss.idx.6329  0x10003f6c        0x2 ./src/rtos/Trace Recorder Library/trcBase.o
 .bss.crc.6349  0x10003f6e        0x1 ./src/rtos/Trace Recorder Library/trcBase.o
 .bss.handle.6304
                0x10003f6f        0x1 ./src/rtos/Trace Recorder Library/trcBase.o
 .bss.handle_of_running_task
                0x10003f70        0x1 ./src/rtos/Trace Recorder Library/trcKernel.o
                0x10003f70                handle_of_running_task
 .bss.inExcludedTask
                0x10003f71        0x1 ./src/rtos/Trace Recorder Library/trcKernel.o
                0x10003f71                inExcludedTask
 .bss.handle_of_last_logged_task
                0x10003f72        0x1 ./src/rtos/Trace Recorder Library/trcKernel.o
                0x10003f72                handle_of_last_logged_task
 .bss.nISRactive
                0x10003f73        0x1 ./src/rtos/Trace Recorder Library/trcKernel.o
                0x10003f73                nISRactive
 .bss.uiTraceTickCount
                0x10003f74        0x4 ./src/rtos/Trace Recorder Library/trcPort.o
                0x10003f74                uiTraceTickCount
 .bss.last_hwtc_count.6138
                0x10003f78        0x4 ./src/rtos/Trace Recorder Library/trcPort.o
 .bss.last_traceTickCount.6137
                0x10003f7c        0x4 ./src/rtos/Trace Recorder Library/trcPort.o
 .bss.xHeap     0x10003f80     0x2800 ./src/rtos/heap_4.o
 .bss.pxEnd     0x10006780        0x4 ./src/rtos/heap_4.o
 .bss.xStart    0x10006784        0x8 ./src/rtos/heap_4.o
 .bss.uxMissedTicks
                0x1000678c        0x4 ./src/rtos/tasks.o
 .bss.pxDelayedTaskList
                0x10006790        0x4 ./src/rtos/tasks.o
 .bss.xSchedulerRunning
                0x10006794        0x4 ./src/rtos/tasks.o
 .bss.uxTasksDeleted
                0x10006798        0x4 ./src/rtos/tasks.o
 .bss.xTasksWaitingTermination
                0x1000679c       0x14 ./src/rtos/tasks.o
 .bss.uxTopReadyPriority
                0x100067b0        0x4 ./src/rtos/tasks.o
 .bss.pxReadyTasksLists
                0x100067b4       0x64 ./src/rtos/tasks.o
 .bss.uxSchedulerSuspended
                0x10006818        0x4 ./src/rtos/tasks.o
 .bss.uxCurrentNumberOfTasks
                0x1000681c        0x4 ./src/rtos/tasks.o
 .bss.pxCurrentTCB
                0x10006820        0x4 ./src/rtos/tasks.o
                0x10006820                pxCurrentTCB
 .bss.xPendingReadyList
                0x10006824       0x14 ./src/rtos/tasks.o
 .bss.xNumOfOverflows
                0x10006838        0x4 ./src/rtos/tasks.o
 .bss.xTickCount
                0x1000683c        0x4 ./src/rtos/tasks.o
 .bss.pxOverflowDelayedTaskList
                0x10006840        0x4 ./src/rtos/tasks.o
 .bss.uxTaskNumber
                0x10006844        0x4 ./src/rtos/tasks.o
 .bss.xDelayedTaskList1
                0x10006848       0x14 ./src/rtos/tasks.o
 .bss.xDelayedTaskList2
                0x1000685c       0x14 ./src/rtos/tasks.o
 .bss.xMissedYield
                0x10006870        0x4 ./src/rtos/tasks.o
 .bss.xSuspendedTaskList
                0x10006874       0x14 ./src/rtos/tasks.o
 .bss.uxTopUsedPriority
                0x10006888        0x4 ./src/rtos/tasks.o
 .bss.qUARTStatus
                0x1000688c        0x4 ./src/drivers/peripherals/qUART.o
                0x1000688c                qUARTStatus
 .bss.selectedTxBuff
                0x10006890        0x1 ./src/drivers/peripherals/qUART.o
                0x10006890                selectedTxBuff
 *fill*         0x10006891        0x3 
 .bss.txBufferCount
                0x10006894        0x4 ./src/drivers/peripherals/qUART.o
                0x10006894                txBufferCount
 .bss.selectedRxBuff
                0x10006898        0x1 ./src/drivers/peripherals/qUART.o
                0x10006898                selectedRxBuff
 .bss.timerRunning
                0x10006899        0x1 ./src/drivers/peripherals/qUART.o
                0x10006899                timerRunning
 *fill*         0x1000689a        0x2 
 .bss.RBR_Handler
                0x1000689c        0xc ./src/drivers/peripherals/qUART.o
                0x1000689c                RBR_Handler
 .bss.dmp       0x100068a8       0x10 ./src/drivers/devices/eMPL/inv_mpu_dmp_motion_driver.o
 .bss.xHigherPriorityTaskWoken.7723
                0x100068b8        0x4 ./src/app2/autopilot.o
 .bss.systemArmedOld
                0x100068bc        0x1 ./src/app2/autopilot.o
                0x100068bc                systemArmedOld
 *fill*         0x100068bd        0x3 
 .bss.control   0x100068c0       0x10 ./src/app2/autopilot.o
                0x100068c0                control
 .bss.systemArmed
                0x100068d0        0x1 ./src/app2/autopilot.o
                0x100068d0                systemArmed
 *fill*         0x100068d1        0x3 
 .bss.msgBuff   0x100068d4      0x100 ./src/app2/comms.o
 .bss.xHigherPriorityTaskWoken.6877
                0x100069d4        0x4 ./src/app2/comms.o
 .bss.msg       0x100069d8       0x10 ./src/app2/comms.o
 .bss.tlm_hnd   0x100069e8        0x4 ./src/app2/system.o
 .bss.comms_hnd
                0x100069ec        0x4 ./src/app2/system.o
 .bss.bytesReaded.3844
                0x100069f0        0x4 ./src/api/src/qCOMMS.o
 .bss.state.3843
                0x100069f4        0x1 ./src/api/src/qCOMMS.o
 *fill*         0x100069f5        0x3 
 .bss.i2cdat    0x100069f8       0x18 ./src/CMSIS/Drivers/source/lpc17xx_i2c.o
 *(COMMON)
 COMMON         0x10006a10       0x26 ./src/rtos/Trace Recorder Library/trcBase.o
                0x10006a10                excludedFlags
                0x10006a34                ifeFlags
 *fill*         0x10006a36        0x2 
 COMMON         0x10006a38      0x508 ./src/drivers/peripherals/qUART.o
                0x10006a38                Channel1_TC
                0x10006a3c                Channel0_TC
                0x10006a40                txBuff
                0x10006c98                Channel0_Err
                0x10006c9c                Channel1_Err
                0x10006ca0                GPDMACfg_tx
                0x10006cc4                rxBuff
                0x10006f1c                GPDMACfg_rx
 COMMON         0x10006f40        0x4 ./src/drivers/devices/eMPL/inv_mpu.o
                0x10006f40                _delay_counter
 COMMON         0x10006f44      0x69a ./src/app2/autopilot.o
                0x10006f44                trcLabel
                0x10006f48                atti_bias
                0x10006f54                quat
                0x10006f64                atti_buffer
                0x10006f70                phi_atti
                0x10006f74                mpuSempahore
                0x10006f78                accel
                0x10006f80                history
                0x100075c0                packetSize
                0x100075c4                gyro
                0x100075ca                more
                0x100075cc                buffer
                0x100075d2                mpuIntStatus
                0x100075d4                fifoCount
                0x100075d8                scale
                0x100075dc                sensors
 *fill*         0x100075de        0x2 
 COMMON         0x100075e0        0x8 ./src/app2/comms.o
                0x100075e0                comms_trcLabel
                0x100075e4                DataSmphr
 COMMON         0x100075e8        0x4 ./src/app2/system.o
                0x100075e8                BeaconHnd
 COMMON         0x100075ec      0x12c ./src/api/src/DebugConsole.o
                0x100075ec                msgBuffer
 COMMON         0x10007718       0x70 ./src/api/src/nvram.o
                0x10007718                nvramBuffer
 COMMON         0x10007788      0x1ec ./src/api/src/quadrotor.o
                0x10007788                quadrotor
                0x10007974                . = ALIGN (0x4)
                0x10007974                _ebss = .
                0x10007974                PROVIDE (end, .)

.noinit_RAM2    0x2007c000        0x0
 *(.noinit.$RAM2*)
 *(.noinit.$RamAHB32*)
                0x2007c000                . = ALIGN (0x4)

.noinit         0x10007974        0x0
                0x10007974                _noinit = .
 *(.noinit*)
                0x10007974                . = ALIGN (0x4)
                0x10007974                _end_noinit = .
                0x10007974                PROVIDE (_pvHeapStart, .)
                0x10008000                PROVIDE (_vStackTop, (__top_RamLoc32 - 0x0))
OUTPUT(FLC_v2p0_Autopilot.axf elf32-littlearm)

.debug_info     0x00000000    0x1a296
 .debug_info    0x00000000       0x5b ./src/system/_main.o
 .debug_info    0x0000005b      0x2c2 ./src/system/cr_startup_lpc176x.o
 .debug_info    0x0000031d      0x227 ./src/rtos/portable/port.o
 .debug_info    0x00000544      0xe13 ./src/rtos/Trace Recorder Library/trcBase.o
 .debug_info    0x00001357      0xfc7 ./src/rtos/Trace Recorder Library/trcKernel.o
 .debug_info    0x0000231e      0x146 ./src/rtos/Trace Recorder Library/trcPort.o
 .debug_info    0x00002464     0x147f ./src/rtos/Trace Recorder Library/trcUser.o
 .debug_info    0x000038e3      0x35b ./src/rtos/heap_4.o
 .debug_info    0x00003c3e      0x2b3 ./src/rtos/list.o
 .debug_info    0x00003ef1     0x14d4 ./src/rtos/queue.o
 .debug_info    0x000053c5     0x1e66 ./src/rtos/tasks.o
 .debug_info    0x0000722b      0x26f ./src/drivers/peripherals/qESC.o
 .debug_info    0x0000749a      0xa40 ./src/drivers/peripherals/qI2C.o
 .debug_info    0x00007eda      0x6d4 ./src/drivers/peripherals/qPWM.o
 .debug_info    0x000085ae     0x1838 ./src/drivers/peripherals/qUART.o
 .debug_info    0x00009de6     0x21d0 ./src/drivers/devices/eMPL/inv_mpu.o
 .debug_info    0x0000bfb6     0x12d9 ./src/drivers/devices/eMPL/inv_mpu_dmp_motion_driver.o
 .debug_info    0x0000d28f      0x2fd ./src/drivers/devices/eeprom.o
 .debug_info    0x0000d58c      0x2cf ./src/drivers/devices/leds.o
 .debug_info    0x0000d85b     0x15da ./src/app2/autopilot.o
 .debug_info    0x0000ee35      0x2ad ./src/app2/beacon.o
 .debug_info    0x0000f0e2      0xaf9 ./src/app2/comms.o
 .debug_info    0x0000fbdb      0xe6f ./src/app2/hardwareInit.o
 .debug_info    0x00010a4a      0x4c6 ./src/app2/system.o
 .debug_info    0x00010f10      0x535 ./src/app2/telemetry.o
 .debug_info    0x00011445      0x525 ./src/api/src/DebugConsole.o
 .debug_info    0x0001196a      0x5bd ./src/api/src/nvram.o
 .debug_info    0x00011f27      0x55a ./src/api/src/qCOMMS.o
 .debug_info    0x00012481      0x2df ./src/api/src/qPIDs.o
 .debug_info    0x00012760      0x3b2 ./src/api/src/quadrotor.o
 .debug_info    0x00012b12      0x3f2 ./src/api/src/timing.o
 .debug_info    0x00012f04      0x650 ./src/CMSIS/Drivers/source/lpc17xx_clkpwr.o
 .debug_info    0x00013554      0xcc3 ./src/CMSIS/Drivers/source/lpc17xx_gpdma.o
 .debug_info    0x00014217      0xe87 ./src/CMSIS/Drivers/source/lpc17xx_gpio.o
 .debug_info    0x0001509e     0x127c ./src/CMSIS/Drivers/source/lpc17xx_i2c.o
 .debug_info    0x0001631a       0xd9 ./src/CMSIS/Drivers/source/lpc17xx_libcfg_default.o
 .debug_info    0x000163f3      0x49c ./src/CMSIS/Drivers/source/lpc17xx_pinsel.o
 .debug_info    0x0001688f      0xd7c ./src/CMSIS/Drivers/source/lpc17xx_pwm.o
 .debug_info    0x0001760b      0xc59 ./src/CMSIS/Drivers/source/lpc17xx_timer.o
 .debug_info    0x00018264     0x1822 ./src/CMSIS/Drivers/source/lpc17xx_uart.o
 .debug_info    0x00019a86      0x498 ./src/CMSIS/Core/CM3/DeviceSupport/NXP/LPC17xx/system_LPC17xx.o
 .debug_info    0x00019f1e      0x244 ./src/board.o
 .debug_info    0x0001a162      0x134 ./src/hardfault.o

.debug_abbrev   0x00000000     0x4d8e
 .debug_abbrev  0x00000000       0x5a ./src/system/_main.o
 .debug_abbrev  0x0000005a      0x13e ./src/system/cr_startup_lpc176x.o
 .debug_abbrev  0x00000198      0x146 ./src/rtos/portable/port.o
 .debug_abbrev  0x000002de      0x263 ./src/rtos/Trace Recorder Library/trcBase.o
 .debug_abbrev  0x00000541      0x2a2 ./src/rtos/Trace Recorder Library/trcKernel.o
 .debug_abbrev  0x000007e3       0xcb ./src/rtos/Trace Recorder Library/trcPort.o
 .debug_abbrev  0x000008ae      0x3d9 ./src/rtos/Trace Recorder Library/trcUser.o
 .debug_abbrev  0x00000c87      0x222 ./src/rtos/heap_4.o
 .debug_abbrev  0x00000ea9       0xf2 ./src/rtos/list.o
 .debug_abbrev  0x00000f9b      0x267 ./src/rtos/queue.o
 .debug_abbrev  0x00001202      0x29a ./src/rtos/tasks.o
 .debug_abbrev  0x0000149c      0x15b ./src/drivers/peripherals/qESC.o
 .debug_abbrev  0x000015f7      0x219 ./src/drivers/peripherals/qI2C.o
 .debug_abbrev  0x00001810      0x1ac ./src/drivers/peripherals/qPWM.o
 .debug_abbrev  0x000019bc      0x3b0 ./src/drivers/peripherals/qUART.o
 .debug_abbrev  0x00001d6c      0x2c6 ./src/drivers/devices/eMPL/inv_mpu.o
 .debug_abbrev  0x00002032      0x21e ./src/drivers/devices/eMPL/inv_mpu_dmp_motion_driver.o
 .debug_abbrev  0x00002250      0x143 ./src/drivers/devices/eeprom.o
 .debug_abbrev  0x00002393       0xfe ./src/drivers/devices/leds.o
 .debug_abbrev  0x00002491      0x335 ./src/app2/autopilot.o
 .debug_abbrev  0x000027c6      0x153 ./src/app2/beacon.o
 .debug_abbrev  0x00002919      0x234 ./src/app2/comms.o
 .debug_abbrev  0x00002b4d      0x290 ./src/app2/hardwareInit.o
 .debug_abbrev  0x00002ddd      0x188 ./src/app2/system.o
 .debug_abbrev  0x00002f65      0x192 ./src/app2/telemetry.o
 .debug_abbrev  0x000030f7      0x185 ./src/api/src/DebugConsole.o
 .debug_abbrev  0x0000327c      0x15d ./src/api/src/nvram.o
 .debug_abbrev  0x000033d9      0x1bb ./src/api/src/qCOMMS.o
 .debug_abbrev  0x00003594      0x12a ./src/api/src/qPIDs.o
 .debug_abbrev  0x000036be       0xb6 ./src/api/src/quadrotor.o
 .debug_abbrev  0x00003774      0x1a6 ./src/api/src/timing.o
 .debug_abbrev  0x0000391a      0x1e3 ./src/CMSIS/Drivers/source/lpc17xx_clkpwr.o
 .debug_abbrev  0x00003afd      0x221 ./src/CMSIS/Drivers/source/lpc17xx_gpdma.o
 .debug_abbrev  0x00003d1e      0x228 ./src/CMSIS/Drivers/source/lpc17xx_gpio.o
 .debug_abbrev  0x00003f46      0x327 ./src/CMSIS/Drivers/source/lpc17xx_i2c.o
 .debug_abbrev  0x0000426d       0x6c ./src/CMSIS/Drivers/source/lpc17xx_libcfg_default.o
 .debug_abbrev  0x000042d9      0x16e ./src/CMSIS/Drivers/source/lpc17xx_pinsel.o
 .debug_abbrev  0x00004447      0x230 ./src/CMSIS/Drivers/source/lpc17xx_pwm.o
 .debug_abbrev  0x00004677      0x27e ./src/CMSIS/Drivers/source/lpc17xx_timer.o
 .debug_abbrev  0x000048f5      0x24e ./src/CMSIS/Drivers/source/lpc17xx_uart.o
 .debug_abbrev  0x00004b43      0x115 ./src/CMSIS/Core/CM3/DeviceSupport/NXP/LPC17xx/system_LPC17xx.o
 .debug_abbrev  0x00004c58       0xb4 ./src/board.o
 .debug_abbrev  0x00004d0c       0x82 ./src/hardfault.o

.debug_aranges  0x00000000     0x1218
 .debug_aranges
                0x00000000       0x20 ./src/system/_main.o
 .debug_aranges
                0x00000020       0x80 ./src/system/cr_startup_lpc176x.o
 .debug_aranges
                0x000000a0       0x70 ./src/rtos/portable/port.o
 .debug_aranges
                0x00000110       0x88 ./src/rtos/Trace Recorder Library/trcBase.o
 .debug_aranges
                0x00000198       0x88 ./src/rtos/Trace Recorder Library/trcKernel.o
 .debug_aranges
                0x00000220       0x28 ./src/rtos/Trace Recorder Library/trcPort.o
 .debug_aranges
                0x00000248      0x120 ./src/rtos/Trace Recorder Library/trcUser.o
 .debug_aranges
                0x00000368       0x48 ./src/rtos/heap_4.o
 .debug_aranges
                0x000003b0       0x40 ./src/rtos/list.o
 .debug_aranges
                0x000003f0       0xe0 ./src/rtos/queue.o
 .debug_aranges
                0x000004d0      0x160 ./src/rtos/tasks.o
 .debug_aranges
                0x00000630       0x30 ./src/drivers/peripherals/qESC.o
 .debug_aranges
                0x00000660       0x60 ./src/drivers/peripherals/qI2C.o
 .debug_aranges
                0x000006c0       0x30 ./src/drivers/peripherals/qPWM.o
 .debug_aranges
                0x000006f0       0xa0 ./src/drivers/peripherals/qUART.o
 .debug_aranges
                0x00000790      0x180 ./src/drivers/devices/eMPL/inv_mpu.o
 .debug_aranges
                0x00000910       0xf8 ./src/drivers/devices/eMPL/inv_mpu_dmp_motion_driver.o
 .debug_aranges
                0x00000a08       0x30 ./src/drivers/devices/eeprom.o
 .debug_aranges
                0x00000a38       0x38 ./src/drivers/devices/leds.o
 .debug_aranges
                0x00000a70       0x50 ./src/app2/autopilot.o
 .debug_aranges
                0x00000ac0       0x28 ./src/app2/beacon.o
 .debug_aranges
                0x00000ae8       0x40 ./src/app2/comms.o
 .debug_aranges
                0x00000b28       0x28 ./src/app2/hardwareInit.o
 .debug_aranges
                0x00000b50       0x30 ./src/app2/system.o
 .debug_aranges
                0x00000b80       0x20 ./src/app2/telemetry.o
 .debug_aranges
                0x00000ba0       0x48 ./src/api/src/DebugConsole.o
 .debug_aranges
                0x00000be8       0x30 ./src/api/src/nvram.o
 .debug_aranges
                0x00000c18       0x40 ./src/api/src/qCOMMS.o
 .debug_aranges
                0x00000c58       0x28 ./src/api/src/qPIDs.o
 .debug_aranges
                0x00000c80       0x18 ./src/api/src/quadrotor.o
 .debug_aranges
                0x00000c98       0x38 ./src/api/src/timing.o
 .debug_aranges
                0x00000cd0       0x58 ./src/CMSIS/Drivers/source/lpc17xx_clkpwr.o
 .debug_aranges
                0x00000d28       0x40 ./src/CMSIS/Drivers/source/lpc17xx_gpdma.o
 .debug_aranges
                0x00000d68       0xf8 ./src/CMSIS/Drivers/source/lpc17xx_gpio.o
 .debug_aranges
                0x00000e60       0xc0 ./src/CMSIS/Drivers/source/lpc17xx_i2c.o
 .debug_aranges
                0x00000f20       0x20 ./src/CMSIS/Drivers/source/lpc17xx_libcfg_default.o
 .debug_aranges
                0x00000f40       0x48 ./src/CMSIS/Drivers/source/lpc17xx_pinsel.o
 .debug_aranges
                0x00000f88       0x90 ./src/CMSIS/Drivers/source/lpc17xx_pwm.o
 .debug_aranges
                0x00001018       0x98 ./src/CMSIS/Drivers/source/lpc17xx_timer.o
 .debug_aranges
                0x000010b0      0x100 ./src/CMSIS/Drivers/source/lpc17xx_uart.o
 .debug_aranges
                0x000011b0       0x28 ./src/CMSIS/Core/CM3/DeviceSupport/NXP/LPC17xx/system_LPC17xx.o
 .debug_aranges
                0x000011d8       0x18 ./src/board.o
 .debug_aranges
                0x000011f0       0x28 ./src/hardfault.o

.debug_ranges   0x00000000     0x1008
 .debug_ranges  0x00000000       0x10 ./src/system/_main.o
 .debug_ranges  0x00000010       0x70 ./src/system/cr_startup_lpc176x.o
 .debug_ranges  0x00000080       0x60 ./src/rtos/portable/port.o
 .debug_ranges  0x000000e0       0x90 ./src/rtos/Trace Recorder Library/trcBase.o
 .debug_ranges  0x00000170       0x78 ./src/rtos/Trace Recorder Library/trcKernel.o
 .debug_ranges  0x000001e8       0x18 ./src/rtos/Trace Recorder Library/trcPort.o
 .debug_ranges  0x00000200      0x110 ./src/rtos/Trace Recorder Library/trcUser.o
 .debug_ranges  0x00000310       0x38 ./src/rtos/heap_4.o
 .debug_ranges  0x00000348       0x30 ./src/rtos/list.o
 .debug_ranges  0x00000378       0xe8 ./src/rtos/queue.o
 .debug_ranges  0x00000460      0x180 ./src/rtos/tasks.o
 .debug_ranges  0x000005e0       0x20 ./src/drivers/peripherals/qESC.o
 .debug_ranges  0x00000600       0x50 ./src/drivers/peripherals/qI2C.o
 .debug_ranges  0x00000650       0x20 ./src/drivers/peripherals/qPWM.o
 .debug_ranges  0x00000670       0x90 ./src/drivers/peripherals/qUART.o
 .debug_ranges  0x00000700      0x1c0 ./src/drivers/devices/eMPL/inv_mpu.o
 .debug_ranges  0x000008c0       0xe8 ./src/drivers/devices/eMPL/inv_mpu_dmp_motion_driver.o
 .debug_ranges  0x000009a8       0x20 ./src/drivers/devices/eeprom.o
 .debug_ranges  0x000009c8       0x28 ./src/drivers/devices/leds.o
 .debug_ranges  0x000009f0       0x40 ./src/app2/autopilot.o
 .debug_ranges  0x00000a30       0x18 ./src/app2/beacon.o
 .debug_ranges  0x00000a48       0x30 ./src/app2/comms.o
 .debug_ranges  0x00000a78       0x18 ./src/app2/hardwareInit.o
 .debug_ranges  0x00000a90       0x20 ./src/app2/system.o
 .debug_ranges  0x00000ab0       0x10 ./src/app2/telemetry.o
 .debug_ranges  0x00000ac0       0x38 ./src/api/src/DebugConsole.o
 .debug_ranges  0x00000af8       0x20 ./src/api/src/nvram.o
 .debug_ranges  0x00000b18       0x30 ./src/api/src/qCOMMS.o
 .debug_ranges  0x00000b48       0x18 ./src/api/src/qPIDs.o
 .debug_ranges  0x00000b60       0x28 ./src/api/src/timing.o
 .debug_ranges  0x00000b88       0x48 ./src/CMSIS/Drivers/source/lpc17xx_clkpwr.o
 .debug_ranges  0x00000bd0       0x30 ./src/CMSIS/Drivers/source/lpc17xx_gpdma.o
 .debug_ranges  0x00000c00       0xe8 ./src/CMSIS/Drivers/source/lpc17xx_gpio.o
 .debug_ranges  0x00000ce8       0xb0 ./src/CMSIS/Drivers/source/lpc17xx_i2c.o
 .debug_ranges  0x00000d98       0x10 ./src/CMSIS/Drivers/source/lpc17xx_libcfg_default.o
 .debug_ranges  0x00000da8       0x38 ./src/CMSIS/Drivers/source/lpc17xx_pinsel.o
 .debug_ranges  0x00000de0       0x80 ./src/CMSIS/Drivers/source/lpc17xx_pwm.o
 .debug_ranges  0x00000e60       0x88 ./src/CMSIS/Drivers/source/lpc17xx_timer.o
 .debug_ranges  0x00000ee8       0xf0 ./src/CMSIS/Drivers/source/lpc17xx_uart.o
 .debug_ranges  0x00000fd8       0x18 ./src/CMSIS/Core/CM3/DeviceSupport/NXP/LPC17xx/system_LPC17xx.o
 .debug_ranges  0x00000ff0       0x18 ./src/hardfault.o

.debug_macro    0x00000000     0xb85c
 .debug_macro   0x00000000       0x11 ./src/system/_main.o
 .debug_macro   0x00000011      0x868 ./src/system/_main.o
 .debug_macro   0x00000879       0x58 ./src/system/cr_startup_lpc176x.o
 .debug_macro   0x000008d1      0x86e ./src/system/cr_startup_lpc176x.o
 .debug_macro   0x0000113f       0x16 ./src/system/cr_startup_lpc176x.o
 .debug_macro   0x00001155       0x44 ./src/system/cr_startup_lpc176x.o
 .debug_macro   0x00001199      0x209 ./src/system/cr_startup_lpc176x.o
 .debug_macro   0x000013a2      0x27d ./src/rtos/portable/port.o
 .debug_macro   0x0000161f      0x166 ./src/rtos/portable/port.o
 .debug_macro   0x00001785       0x46 ./src/rtos/portable/port.o
 .debug_macro   0x000017cb       0x1c ./src/rtos/portable/port.o
 .debug_macro   0x000017e7       0x2e ./src/rtos/portable/port.o
 .debug_macro   0x00001815       0x18 ./src/rtos/portable/port.o
 .debug_macro   0x0000182d      0x7af ./src/rtos/portable/port.o
 .debug_macro   0x00001fdc      0x2dc ./src/rtos/portable/port.o
 .debug_macro   0x000022b8       0xd0 ./src/rtos/portable/port.o
 .debug_macro   0x00002388       0x58 ./src/rtos/portable/port.o
 .debug_macro   0x000023e0       0x35 ./src/rtos/portable/port.o
 .debug_macro   0x00002415       0xa2 ./src/rtos/portable/port.o
 .debug_macro   0x000024b7       0x16 ./src/rtos/portable/port.o
 .debug_macro   0x000024cd       0x35 ./src/rtos/portable/port.o
 .debug_macro   0x00002502       0x10 ./src/rtos/portable/port.o
 .debug_macro   0x00002512       0x52 ./src/rtos/portable/port.o
 .debug_macro   0x00002564       0x16 ./src/rtos/portable/port.o
 .debug_macro   0x0000257a       0x43 ./src/rtos/portable/port.o
 .debug_macro   0x000025bd      0x180 ./src/rtos/portable/port.o
 .debug_macro   0x0000273d       0x10 ./src/rtos/portable/port.o
 .debug_macro   0x0000274d       0x22 ./src/rtos/portable/port.o
 .debug_macro   0x0000276f       0xbd ./src/rtos/portable/port.o
 .debug_macro   0x0000282c       0x16 ./src/rtos/portable/port.o
 .debug_macro   0x00002842      0x16c ./src/rtos/portable/port.o
 .debug_macro   0x000029ae      0x2a6 ./src/rtos/portable/port.o
 .debug_macro   0x00002c54       0x10 ./src/rtos/portable/port.o
 .debug_macro   0x00002c64       0x1f ./src/rtos/portable/port.o
 .debug_macro   0x00002c83       0xd2 ./src/rtos/portable/port.o
 .debug_macro   0x00002d55       0x9a ./src/rtos/portable/port.o
 .debug_macro   0x00002def       0xaa ./src/rtos/portable/port.o
 .debug_macro   0x00002e99      0x14e ./src/rtos/portable/port.o
 .debug_macro   0x00002fe7      0x149 ./src/rtos/portable/port.o
 .debug_macro   0x00003130      0x1c0 ./src/rtos/portable/port.o
 .debug_macro   0x000032f0       0xa3 ./src/rtos/portable/port.o
 .debug_macro   0x00003393       0x12 ./src/rtos/portable/port.o
 .debug_macro   0x000033a5       0x1f ./src/rtos/portable/port.o
 .debug_macro   0x000033c4      0x107 ./src/rtos/portable/port.o
 .debug_macro   0x000034cb       0x5e ./src/rtos/portable/port.o
 .debug_macro   0x00003529       0x57 ./src/rtos/portable/port.o
 .debug_macro   0x00003580      0x23b ./src/rtos/Trace Recorder Library/trcBase.o
 .debug_macro   0x000037bb      0x1ac ./src/rtos/Trace Recorder Library/trcBase.o
 .debug_macro   0x00003967      0x115 ./src/rtos/Trace Recorder Library/trcBase.o
 .debug_macro   0x00003a7c      0x23b ./src/rtos/Trace Recorder Library/trcKernel.o
 .debug_macro   0x00003cb7      0x223 ./src/rtos/Trace Recorder Library/trcPort.o
 .debug_macro   0x00003eda      0x261 ./src/rtos/Trace Recorder Library/trcUser.o
 .debug_macro   0x0000413b       0x4a ./src/rtos/Trace Recorder Library/trcUser.o
 .debug_macro   0x00004185       0x58 ./src/rtos/Trace Recorder Library/trcUser.o
 .debug_macro   0x000041dd      0x20f ./src/rtos/Trace Recorder Library/trcUser.o
 .debug_macro   0x000043ec       0x1c ./src/rtos/Trace Recorder Library/trcUser.o
 .debug_macro   0x00004408       0x96 ./src/rtos/Trace Recorder Library/trcUser.o
 .debug_macro   0x0000449e       0x77 ./src/rtos/Trace Recorder Library/trcUser.o
 .debug_macro   0x00004515      0x26f ./src/rtos/heap_4.o
 .debug_macro   0x00004784       0x16 ./src/rtos/heap_4.o
 .debug_macro   0x0000479a      0x10e ./src/rtos/heap_4.o
 .debug_macro   0x000048a8       0x7f ./src/rtos/heap_4.o
 .debug_macro   0x00004927       0x16 ./src/rtos/heap_4.o
 .debug_macro   0x0000493d       0x29 ./src/rtos/heap_4.o
 .debug_macro   0x00004966      0x24e ./src/rtos/list.o
 .debug_macro   0x00004bb4      0x2d6 ./src/rtos/queue.o
 .debug_macro   0x00004e8a      0x2e5 ./src/rtos/tasks.o
 .debug_macro   0x0000516f       0x97 ./src/rtos/tasks.o
 .debug_macro   0x00005206       0xef ./src/rtos/tasks.o
 .debug_macro   0x000052f5       0x5b ./src/rtos/tasks.o
 .debug_macro   0x00005350       0x17 ./src/rtos/tasks.o
 .debug_macro   0x00005367       0xc6 ./src/drivers/peripherals/qESC.o
 .debug_macro   0x0000542d       0x5e ./src/drivers/peripherals/qESC.o
 .debug_macro   0x0000548b       0xe1 ./src/drivers/peripherals/qESC.o
 .debug_macro   0x0000556c       0x1c ./src/drivers/peripherals/qESC.o
 .debug_macro   0x00005588      0x166 ./src/drivers/peripherals/qI2C.o
 .debug_macro   0x000056ee       0x10 ./src/drivers/peripherals/qI2C.o
 .debug_macro   0x000056fe      0x18c ./src/drivers/peripherals/qI2C.o
 .debug_macro   0x0000588a       0xc4 ./src/drivers/peripherals/qPWM.o
 .debug_macro   0x0000594e      0x313 ./src/drivers/peripherals/qUART.o
 .debug_macro   0x00005c61       0x1c ./src/drivers/peripherals/qUART.o
 .debug_macro   0x00005c7d      0x339 ./src/drivers/peripherals/qUART.o
 .debug_macro   0x00005fb6      0x2ae ./src/drivers/peripherals/qUART.o
 .debug_macro   0x00006264       0xed ./src/drivers/peripherals/qUART.o
 .debug_macro   0x00006351       0x46 ./src/drivers/peripherals/qUART.o
 .debug_macro   0x00006397       0xd6 ./src/drivers/peripherals/qUART.o
 .debug_macro   0x0000646d       0x22 ./src/drivers/peripherals/qUART.o
 .debug_macro   0x0000648f       0x1c ./src/drivers/peripherals/qUART.o
 .debug_macro   0x000064ab       0xee ./src/drivers/peripherals/qUART.o
 .debug_macro   0x00006599       0xe7 ./src/drivers/peripherals/qUART.o
 .debug_macro   0x00006680       0x76 ./src/drivers/peripherals/qUART.o
 .debug_macro   0x000066f6      0x406 ./src/drivers/devices/eMPL/inv_mpu.o
 .debug_macro   0x00006afc      0x1e1 ./src/drivers/devices/eMPL/inv_mpu.o
 .debug_macro   0x00006cdd       0x82 ./src/drivers/devices/eMPL/inv_mpu.o
 .debug_macro   0x00006d5f       0x5d ./src/drivers/devices/eMPL/inv_mpu.o
 .debug_macro   0x00006dbc      0x773 ./src/drivers/devices/eMPL/inv_mpu_dmp_motion_driver.o
 .debug_macro   0x0000752f       0xa6 ./src/drivers/devices/eMPL/inv_mpu_dmp_motion_driver.o
 .debug_macro   0x000075d5      0xb8a ./src/drivers/devices/eMPL/inv_mpu_dmp_motion_driver.o
 .debug_macro   0x0000815f      0x659 ./src/drivers/devices/eMPL/inv_mpu_dmp_motion_driver.o
 .debug_macro   0x000087b8      0x278 ./src/drivers/devices/eeprom.o
 .debug_macro   0x00008a30       0x10 ./src/drivers/devices/eeprom.o
 .debug_macro   0x00008a40       0xb7 ./src/drivers/devices/leds.o
 .debug_macro   0x00008af7      0x37b ./src/app2/autopilot.o
 .debug_macro   0x00008e72       0x34 ./src/app2/autopilot.o
 .debug_macro   0x00008ea6       0x70 ./src/app2/autopilot.o
 .debug_macro   0x00008f16       0x10 ./src/app2/autopilot.o
 .debug_macro   0x00008f26       0x6a ./src/app2/autopilot.o
 .debug_macro   0x00008f90       0x16 ./src/app2/autopilot.o
 .debug_macro   0x00008fa6       0x34 ./src/app2/autopilot.o
 .debug_macro   0x00008fda       0x22 ./src/app2/autopilot.o
 .debug_macro   0x00008ffc      0x29d ./src/app2/beacon.o
 .debug_macro   0x00009299      0x341 ./src/app2/comms.o
 .debug_macro   0x000095da      0x33f ./src/app2/hardwareInit.o
 .debug_macro   0x00009919       0x16 ./src/app2/hardwareInit.o
 .debug_macro   0x0000992f      0x309 ./src/app2/system.o
 .debug_macro   0x00009c38      0x2db ./src/app2/telemetry.o
 .debug_macro   0x00009f13      0x2a6 ./src/api/src/DebugConsole.o
 .debug_macro   0x0000a1b9      0x2e1 ./src/api/src/nvram.o
 .debug_macro   0x0000a49a       0x6d ./src/api/src/qCOMMS.o
 .debug_macro   0x0000a507       0x22 ./src/api/src/qCOMMS.o
 .debug_macro   0x0000a529      0x12c ./src/api/src/qPIDs.o
 .debug_macro   0x0000a655       0x10 ./src/api/src/qPIDs.o
 .debug_macro   0x0000a665       0x8c ./src/api/src/quadrotor.o
 .debug_macro   0x0000a6f1       0x64 ./src/api/src/quadrotor.o
 .debug_macro   0x0000a755       0xa3 ./src/api/src/timing.o
 .debug_macro   0x0000a7f8       0xe7 ./src/api/src/timing.o
 .debug_macro   0x0000a8df       0x93 ./src/CMSIS/Drivers/source/lpc17xx_clkpwr.o
 .debug_macro   0x0000a972       0x1c ./src/CMSIS/Drivers/source/lpc17xx_clkpwr.o
 .debug_macro   0x0000a98e      0x2dc ./src/CMSIS/Drivers/source/lpc17xx_clkpwr.o
 .debug_macro   0x0000ac6a       0xaf ./src/CMSIS/Drivers/source/lpc17xx_gpdma.o
 .debug_macro   0x0000ad19      0x2a8 ./src/CMSIS/Drivers/source/lpc17xx_gpdma.o
 .debug_macro   0x0000afc1       0x9c ./src/CMSIS/Drivers/source/lpc17xx_gpio.o
 .debug_macro   0x0000b05d       0xb8 ./src/CMSIS/Drivers/source/lpc17xx_i2c.o
 .debug_macro   0x0000b115      0x146 ./src/CMSIS/Drivers/source/lpc17xx_i2c.o
 .debug_macro   0x0000b25b       0x60 ./src/CMSIS/Drivers/source/lpc17xx_libcfg_default.o
 .debug_macro   0x0000b2bb       0xd3 ./src/CMSIS/Drivers/source/lpc17xx_libcfg_default.o
 .debug_macro   0x0000b38e       0x93 ./src/CMSIS/Drivers/source/lpc17xx_pinsel.o
 .debug_macro   0x0000b421       0xaf ./src/CMSIS/Drivers/source/lpc17xx_pwm.o
 .debug_macro   0x0000b4d0       0xb8 ./src/CMSIS/Drivers/source/lpc17xx_timer.o
 .debug_macro   0x0000b588       0xaf ./src/CMSIS/Drivers/source/lpc17xx_uart.o
 .debug_macro   0x0000b637      0x131 ./src/CMSIS/Core/CM3/DeviceSupport/NXP/LPC17xx/system_LPC17xx.o
 .debug_macro   0x0000b768       0xe3 ./src/board.o
 .debug_macro   0x0000b84b       0x11 ./src/hardfault.o

.debug_line     0x00000000    0x11cfa
 .debug_line    0x00000000       0x45 ./src/system/_main.o